Archive member included to satisfy reference by file (symbol)

c:/intelfpga/18.1/nios2eds/bin/gnu/h-x86_64-mingw32/bin/../lib/gcc/nios2-elf/5.3.0/../../../../../H-x86_64-mingw32/nios2-elf/lib\libsmallc.a(lib_a-puts.o)
                              obj/default/my_binary_leds.o (puts)
c:/intelfpga/18.1/nios2eds/bin/gnu/h-x86_64-mingw32/bin/../lib/gcc/nios2-elf/5.3.0/../../../../../H-x86_64-mingw32/nios2-elf/lib\libsmallc.a(lib_a-strlen.o)
                              c:/intelfpga/18.1/nios2eds/bin/gnu/h-x86_64-mingw32/bin/../lib/gcc/nios2-elf/5.3.0/../../../../../H-x86_64-mingw32/nios2-elf/lib\libsmallc.a(lib_a-puts.o) (strlen)
c:/intelfpga/18.1/nios2eds/bin/gnu/h-x86_64-mingw32/bin/../lib/gcc/nios2-elf/5.3.0/../../../../../H-x86_64-mingw32/nios2-elf/lib\libsmallc.a(lib_a-fvwrite_small_dev.o)
                              c:/intelfpga/18.1/nios2eds/bin/gnu/h-x86_64-mingw32/bin/../lib/gcc/nios2-elf/5.3.0/../../../../../H-x86_64-mingw32/nios2-elf/lib\libsmallc.a(lib_a-puts.o) (__sfvwrite_small_dev)
c:/intelfpga/18.1/nios2eds/bin/gnu/h-x86_64-mingw32/bin/../lib/gcc/nios2-elf/5.3.0/../../../../../H-x86_64-mingw32/nios2-elf/lib\libsmallc.a(lib_a-impure.o)
                              c:/intelfpga/18.1/nios2eds/bin/gnu/h-x86_64-mingw32/bin/../lib/gcc/nios2-elf/5.3.0/../../../../../H-x86_64-mingw32/nios2-elf/lib\libsmallc.a(lib_a-puts.o) (_impure_ptr)
c:/intelfpga/18.1/nios2eds/bin/gnu/h-x86_64-mingw32/bin/../lib/gcc/nios2-elf/5.3.0/../../../../../H-x86_64-mingw32/nios2-elf/lib\libsmallc.a(lib_a-writer.o)
                              c:/intelfpga/18.1/nios2eds/bin/gnu/h-x86_64-mingw32/bin/../lib/gcc/nios2-elf/5.3.0/../../../../../H-x86_64-mingw32/nios2-elf/lib\libsmallc.a(lib_a-fvwrite_small_dev.o) (_write_r)
c:/intelfpga/18.1/nios2eds/bin/gnu/h-x86_64-mingw32/bin/../lib/gcc/nios2-elf/5.3.0/../../../../../H-x86_64-mingw32/nios2-elf/lib\libsmallc.a(lib_a-int_errno.o)
                              c:/intelfpga/18.1/nios2eds/bin/gnu/h-x86_64-mingw32/bin/../lib/gcc/nios2-elf/5.3.0/../../../../../H-x86_64-mingw32/nios2-elf/lib\libsmallc.a(lib_a-writer.o) (errno)
../binary_leds_bsp/\libhal_bsp.a(alt_load.o)
                              ../binary_leds_bsp//obj/HAL/src/crt0.o (alt_load)
../binary_leds_bsp/\libhal_bsp.a(alt_main.o)
                              ../binary_leds_bsp//obj/HAL/src/crt0.o (alt_main)
../binary_leds_bsp/\libhal_bsp.a(alt_write.o)
                              c:/intelfpga/18.1/nios2eds/bin/gnu/h-x86_64-mingw32/bin/../lib/gcc/nios2-elf/5.3.0/../../../../../H-x86_64-mingw32/nios2-elf/lib\libsmallc.a(lib_a-writer.o) (write)
../binary_leds_bsp/\libhal_bsp.a(alt_sys_init.o)
                              ../binary_leds_bsp/\libhal_bsp.a(alt_main.o) (alt_irq_init)
../binary_leds_bsp/\libhal_bsp.a(altera_avalon_jtag_uart_fd.o)
                              ../binary_leds_bsp/\libhal_bsp.a(alt_sys_init.o) (altera_avalon_jtag_uart_read_fd)
../binary_leds_bsp/\libhal_bsp.a(altera_avalon_jtag_uart_read.o)
                              ../binary_leds_bsp/\libhal_bsp.a(altera_avalon_jtag_uart_fd.o) (altera_avalon_jtag_uart_read)
../binary_leds_bsp/\libhal_bsp.a(altera_avalon_jtag_uart_write.o)
                              ../binary_leds_bsp/\libhal_bsp.a(altera_avalon_jtag_uart_fd.o) (altera_avalon_jtag_uart_write)
../binary_leds_bsp/\libhal_bsp.a(altera_avalon_timer_sc.o)
                              ../binary_leds_bsp/\libhal_bsp.a(alt_sys_init.o) (alt_avalon_timer_sc_init)
../binary_leds_bsp/\libhal_bsp.a(alt_close.o)
                              ../binary_leds_bsp/\libhal_bsp.a(alt_main.o) (close)
../binary_leds_bsp/\libhal_bsp.a(alt_dcache_flush_all.o)
                              ../binary_leds_bsp/\libhal_bsp.a(alt_load.o) (alt_dcache_flush_all)
../binary_leds_bsp/\libhal_bsp.a(alt_dev.o)
                              ../binary_leds_bsp/\libhal_bsp.a(alt_sys_init.o) (alt_dev_list)
../binary_leds_bsp/\libhal_bsp.a(alt_dev_llist_insert.o)
                              ../binary_leds_bsp/\libhal_bsp.a(alt_sys_init.o) (alt_dev_llist_insert)
../binary_leds_bsp/\libhal_bsp.a(alt_do_ctors.o)
                              ../binary_leds_bsp/\libhal_bsp.a(alt_main.o) (_do_ctors)
../binary_leds_bsp/\libhal_bsp.a(alt_do_dtors.o)
                              ../binary_leds_bsp/\libhal_bsp.a(alt_main.o) (_do_dtors)
../binary_leds_bsp/\libhal_bsp.a(alt_errno.o)
                              ../binary_leds_bsp/\libhal_bsp.a(alt_write.o) (alt_errno)
../binary_leds_bsp/\libhal_bsp.a(alt_icache_flush_all.o)
                              ../binary_leds_bsp/\libhal_bsp.a(alt_load.o) (alt_icache_flush_all)
../binary_leds_bsp/\libhal_bsp.a(alt_iic.o)
                              ../binary_leds_bsp/\libhal_bsp.a(altera_avalon_timer_sc.o) (alt_ic_isr_register)
../binary_leds_bsp/\libhal_bsp.a(alt_iic_isr_register.o)
                              ../binary_leds_bsp/\libhal_bsp.a(alt_iic.o) (alt_iic_isr_register)
../binary_leds_bsp/\libhal_bsp.a(alt_io_redirect.o)
                              ../binary_leds_bsp/\libhal_bsp.a(alt_main.o) (alt_io_redirect)
../binary_leds_bsp/\libhal_bsp.a(alt_irq_entry.o)
                              ../binary_leds_bsp/\libhal_bsp.a(alt_iic_isr_register.o) (alt_irq_entry)
../binary_leds_bsp/\libhal_bsp.a(alt_irq_handler.o)
                              ../binary_leds_bsp/\libhal_bsp.a(alt_iic_isr_register.o) (alt_irq)
../binary_leds_bsp/\libhal_bsp.a(alt_irq_vars.o)
                              ../binary_leds_bsp/\libhal_bsp.a(alt_iic.o) (alt_irq_active)
../binary_leds_bsp/\libhal_bsp.a(alt_open.o)
                              ../binary_leds_bsp/\libhal_bsp.a(alt_io_redirect.o) (open)
../binary_leds_bsp/\libhal_bsp.a(alt_release_fd.o)
                              ../binary_leds_bsp/\libhal_bsp.a(alt_close.o) (alt_release_fd)
../binary_leds_bsp/\libhal_bsp.a(alt_tick.o)
                              ../binary_leds_bsp/\libhal_bsp.a(altera_avalon_timer_sc.o) (_alt_tick_rate)
../binary_leds_bsp/\libhal_bsp.a(altera_nios2_gen2_irq.o)
                              ../binary_leds_bsp/\libhal_bsp.a(alt_sys_init.o) (altera_nios2_gen2_irq_init)
../binary_leds_bsp/\libhal_bsp.a(alt_exception_entry.o)
                              ../binary_leds_bsp/\libhal_bsp.a(alt_irq_entry.o) (alt_exception)
../binary_leds_bsp/\libhal_bsp.a(alt_find_dev.o)
                              ../binary_leds_bsp/\libhal_bsp.a(alt_open.o) (alt_find_dev)
../binary_leds_bsp/\libhal_bsp.a(alt_find_file.o)
                              ../binary_leds_bsp/\libhal_bsp.a(alt_open.o) (alt_find_file)
../binary_leds_bsp/\libhal_bsp.a(alt_get_fd.o)
                              ../binary_leds_bsp/\libhal_bsp.a(alt_open.o) (alt_get_fd)
../binary_leds_bsp/\libhal_bsp.a(alt_icache_flush.o)
                              ../binary_leds_bsp/\libhal_bsp.a(alt_icache_flush_all.o) (alt_icache_flush)
../binary_leds_bsp/\libhal_bsp.a(alt_instruction_exception_entry.o)
                              ../binary_leds_bsp/\libhal_bsp.a(alt_exception_entry.o) (alt_instruction_exception_entry)
c:/intelfpga/18.1/nios2eds/bin/gnu/h-x86_64-mingw32/bin/../lib/gcc/nios2-elf/5.3.0/../../../../../H-x86_64-mingw32/nios2-elf/lib\libsmallc.a(lib_a-atexit.o)
                              ../binary_leds_bsp/\libhal_bsp.a(alt_main.o) (atexit)
c:/intelfpga/18.1/nios2eds/bin/gnu/h-x86_64-mingw32/bin/../lib/gcc/nios2-elf/5.3.0/../../../../../H-x86_64-mingw32/nios2-elf/lib\libsmallc.a(lib_a-exit.o)
                              ../binary_leds_bsp/\libhal_bsp.a(alt_main.o) (exit)
c:/intelfpga/18.1/nios2eds/bin/gnu/h-x86_64-mingw32/bin/../lib/gcc/nios2-elf/5.3.0/../../../../../H-x86_64-mingw32/nios2-elf/lib\libsmallc.a(lib_a-memcmp.o)
                              ../binary_leds_bsp/\libhal_bsp.a(alt_find_dev.o) (memcmp)
c:/intelfpga/18.1/nios2eds/bin/gnu/h-x86_64-mingw32/bin/../lib/gcc/nios2-elf/5.3.0/../../../../../H-x86_64-mingw32/nios2-elf/lib\libsmallc.a(lib_a-__atexit.o)
                              c:/intelfpga/18.1/nios2eds/bin/gnu/h-x86_64-mingw32/bin/../lib/gcc/nios2-elf/5.3.0/../../../../../H-x86_64-mingw32/nios2-elf/lib\libsmallc.a(lib_a-atexit.o) (__register_exitproc)
c:/intelfpga/18.1/nios2eds/bin/gnu/h-x86_64-mingw32/bin/../lib/gcc/nios2-elf/5.3.0/../../../../../H-x86_64-mingw32/nios2-elf/lib\libsmallc.a(lib_a-__call_atexit.o)
                              c:/intelfpga/18.1/nios2eds/bin/gnu/h-x86_64-mingw32/bin/../lib/gcc/nios2-elf/5.3.0/../../../../../H-x86_64-mingw32/nios2-elf/lib\libsmallc.a(lib_a-exit.o) (__call_exitprocs)
../binary_leds_bsp/\libhal_bsp.a(alt_exit.o)
                              c:/intelfpga/18.1/nios2eds/bin/gnu/h-x86_64-mingw32/bin/../lib/gcc/nios2-elf/5.3.0/../../../../../H-x86_64-mingw32/nios2-elf/lib\libsmallc.a(lib_a-exit.o) (_exit)

Allocating common symbols
Common symbol       size              file

alt_irq             0x100             ../binary_leds_bsp/\libhal_bsp.a(alt_irq_handler.o)
errno               0x4               c:/intelfpga/18.1/nios2eds/bin/gnu/h-x86_64-mingw32/bin/../lib/gcc/nios2-elf/5.3.0/../../../../../H-x86_64-mingw32/nios2-elf/lib\libsmallc.a(lib_a-int_errno.o)

Memory Configuration

Name             Origin             Length             Attributes
reset            0x0000000000008000 0x0000000000000020
onchip_memory    0x0000000000008020 0x0000000000004fe0
*default*        0x0000000000000000 0xffffffffffffffff

Linker script and memory map

LOAD ../binary_leds_bsp//obj/HAL/src/crt0.o
LOAD obj/default/my_binary_leds.o
LOAD c:/intelfpga/18.1/nios2eds/bin/gnu/h-x86_64-mingw32/bin/../lib/gcc/nios2-elf/5.3.0/../../../../../H-x86_64-mingw32/nios2-elf/lib\libstdc++.a
LOAD c:/intelfpga/18.1/nios2eds/bin/gnu/h-x86_64-mingw32/bin/../lib/gcc/nios2-elf/5.3.0/../../../../../H-x86_64-mingw32/nios2-elf/lib\libm.a
LOAD c:/intelfpga/18.1/nios2eds/bin/gnu/h-x86_64-mingw32/bin/../lib/gcc/nios2-elf/5.3.0\libgcc.a
START GROUP
LOAD c:/intelfpga/18.1/nios2eds/bin/gnu/h-x86_64-mingw32/bin/../lib/gcc/nios2-elf/5.3.0/../../../../../H-x86_64-mingw32/nios2-elf/lib\libsmallc.a
LOAD c:/intelfpga/18.1/nios2eds/bin/gnu/h-x86_64-mingw32/bin/../lib/gcc/nios2-elf/5.3.0\libgcc.a
LOAD ../binary_leds_bsp/\libhal_bsp.a
LOAD c:/intelfpga/18.1/nios2eds/bin/gnu/h-x86_64-mingw32/bin/../lib/gcc/nios2-elf/5.3.0/../../../../../H-x86_64-mingw32/nios2-elf/lib\libm.a
END GROUP
LOAD c:/intelfpga/18.1/nios2eds/bin/gnu/h-x86_64-mingw32/bin/../lib/gcc/nios2-elf/5.3.0\libgcc.a
                0x0000000000008000                __alt_mem_onchip_memory = 0x8000

.entry          0x0000000000008000       0x20
 *(.entry)
 .entry         0x0000000000008000       0x20 ../binary_leds_bsp//obj/HAL/src/crt0.o
                0x0000000000008000                __reset

.exceptions     0x0000000000008020      0x224
                0x0000000000008020                PROVIDE (__ram_exceptions_start, ABSOLUTE (.))
                0x0000000000008020                . = ALIGN (0x20)
 *(.irq)
 *(.exceptions.entry.label)
 .exceptions.entry.label
                0x0000000000008020        0x0 ../binary_leds_bsp/\libhal_bsp.a(alt_irq_entry.o)
                0x0000000000008020                alt_irq_entry
 .exceptions.entry.label
                0x0000000000008020        0x0 ../binary_leds_bsp/\libhal_bsp.a(alt_exception_entry.o)
                0x0000000000008020                alt_exception
 *(.exceptions.entry.user)
 *(.exceptions.entry.ecc_fatal)
 *(.exceptions.entry)
 .exceptions.entry
                0x0000000000008020       0x54 ../binary_leds_bsp/\libhal_bsp.a(alt_exception_entry.o)
 *(.exceptions.irqtest.user)
 *(.exceptions.irqtest)
 .exceptions.irqtest
                0x0000000000008074       0x10 ../binary_leds_bsp/\libhal_bsp.a(alt_irq_entry.o)
 *(.exceptions.irqhandler.user)
 *(.exceptions.irqhandler)
 .exceptions.irqhandler
                0x0000000000008084        0x4 ../binary_leds_bsp/\libhal_bsp.a(alt_irq_entry.o)
 *(.exceptions.irqreturn.user)
 *(.exceptions.irqreturn)
 .exceptions.irqreturn
                0x0000000000008088        0x4 ../binary_leds_bsp/\libhal_bsp.a(alt_irq_entry.o)
 *(.exceptions.notirq.label)
 .exceptions.notirq.label
                0x000000000000808c        0x0 ../binary_leds_bsp/\libhal_bsp.a(alt_irq_entry.o)
 *(.exceptions.notirq.user)
 *(.exceptions.notirq)
 .exceptions.notirq
                0x000000000000808c        0x8 ../binary_leds_bsp/\libhal_bsp.a(alt_exception_entry.o)
 *(.exceptions.soft.user)
 *(.exceptions.soft)
 *(.exceptions.unknown.user)
 *(.exceptions.unknown)
 .exceptions.unknown
                0x0000000000008094       0x14 ../binary_leds_bsp/\libhal_bsp.a(alt_exception_entry.o)
 *(.exceptions.exit.label)
 .exceptions.exit.label
                0x00000000000080a8        0x0 ../binary_leds_bsp/\libhal_bsp.a(alt_irq_entry.o)
 .exceptions.exit.label
                0x00000000000080a8        0x0 ../binary_leds_bsp/\libhal_bsp.a(alt_exception_entry.o)
 *(.exceptions.exit.user)
 *(.exceptions.exit)
 .exceptions.exit
                0x00000000000080a8       0x54 ../binary_leds_bsp/\libhal_bsp.a(alt_exception_entry.o)
 *(.exceptions)
 .exceptions    0x00000000000080fc       0xd4 ../binary_leds_bsp/\libhal_bsp.a(alt_irq_handler.o)
                0x00000000000080fc                alt_irq_handler
 .exceptions    0x00000000000081d0       0x74 ../binary_leds_bsp/\libhal_bsp.a(alt_instruction_exception_entry.o)
                0x00000000000081d0                alt_instruction_exception_entry
                0x0000000000008244                PROVIDE (__ram_exceptions_end, ABSOLUTE (.))
                0x0000000000008020                PROVIDE (__flash_exceptions_start, LOADADDR (.exceptions))

.text           0x0000000000008244     0x1b9c
                [!provide]                        PROVIDE (stext, ABSOLUTE (.))
 *(.interp)
 *(.hash)
 *(.dynsym)
 *(.dynstr)
 *(.gnu.version)
 *(.gnu.version_d)
 *(.gnu.version_r)
 *(.rel.init)
 *(.rela.init)
 *(.rel.text .rel.text.* .rel.gnu.linkonce.t.*)
 *(.rela.text .rela.text.* .rela.gnu.linkonce.t.*)
 *(.rel.fini)
 *(.rela.fini)
 *(.rel.rodata .rel.rodata.* .rel.gnu.linkonce.r.*)
 *(.rela.rodata .rela.rodata.* .rela.gnu.linkonce.r.*)
 *(.rel.data .rel.data.* .rel.gnu.linkonce.d.*)
 *(.rela.data .rela.data.* .rela.gnu.linkonce.d.*)
 *(.rel.tdata .rel.tdata.* .rel.gnu.linkonce.td.*)
 *(.rela.tdata .rela.tdata.* .rela.gnu.linkonce.td.*)
 *(.rel.tbss .rel.tbss.* .rel.gnu.linkonce.tb.*)
 *(.rela.tbss .rela.tbss.* .rela.gnu.linkonce.tb.*)
 *(.rel.ctors)
 *(.rela.ctors)
 *(.rel.dtors)
 *(.rela.dtors)
 *(.rel.got)
 *(.rela.got)
 *(.rel.sdata .rel.sdata.* .rel.gnu.linkonce.s.*)
 *(.rela.sdata .rela.sdata.* .rela.gnu.linkonce.s.*)
 *(.rel.sbss .rel.sbss.* .rel.gnu.linkonce.sb.*)
 *(.rela.sbss .rela.sbss.* .rela.gnu.linkonce.sb.*)
 *(.rel.sdata2 .rel.sdata2.* .rel.gnu.linkonce.s2.*)
 *(.rela.sdata2 .rela.sdata2.* .rela.gnu.linkonce.s2.*)
 *(.rel.sbss2 .rel.sbss2.* .rel.gnu.linkonce.sb2.*)
 *(.rela.sbss2 .rela.sbss2.* .rela.gnu.linkonce.sb2.*)
 *(.rel.bss .rel.bss.* .rel.gnu.linkonce.b.*)
 *(.rela.bss .rela.bss.* .rela.gnu.linkonce.b.*)
 *(.rel.plt)
 *(.rela.plt)
 *(.rel.dyn)
 *(.init)
 *(.plt)
 *(.text .stub .text.* .gnu.linkonce.t.*)
 .text          0x0000000000008244       0x4c ../binary_leds_bsp//obj/HAL/src/crt0.o
                0x0000000000008244                _start
 .text          0x0000000000008290       0x6c obj/default/my_binary_leds.o
                0x0000000000008290                main
 .text          0x00000000000082fc        0x0 c:/intelfpga/18.1/nios2eds/bin/gnu/h-x86_64-mingw32/bin/../lib/gcc/nios2-elf/5.3.0/../../../../../H-x86_64-mingw32/nios2-elf/lib\libsmallc.a(lib_a-puts.o)
 .text._puts_r  0x00000000000082fc       0x80 c:/intelfpga/18.1/nios2eds/bin/gnu/h-x86_64-mingw32/bin/../lib/gcc/nios2-elf/5.3.0/../../../../../H-x86_64-mingw32/nios2-elf/lib\libsmallc.a(lib_a-puts.o)
                0x00000000000082fc                _puts_r
 .text.puts     0x000000000000837c       0x14 c:/intelfpga/18.1/nios2eds/bin/gnu/h-x86_64-mingw32/bin/../lib/gcc/nios2-elf/5.3.0/../../../../../H-x86_64-mingw32/nios2-elf/lib\libsmallc.a(lib_a-puts.o)
                0x000000000000837c                puts
 .text          0x0000000000008390        0x0 c:/intelfpga/18.1/nios2eds/bin/gnu/h-x86_64-mingw32/bin/../lib/gcc/nios2-elf/5.3.0/../../../../../H-x86_64-mingw32/nios2-elf/lib\libsmallc.a(lib_a-strlen.o)
 .text.strlen   0x0000000000008390       0x1c c:/intelfpga/18.1/nios2eds/bin/gnu/h-x86_64-mingw32/bin/../lib/gcc/nios2-elf/5.3.0/../../../../../H-x86_64-mingw32/nios2-elf/lib\libsmallc.a(lib_a-strlen.o)
                0x0000000000008390                strlen
 .text          0x00000000000083ac        0x0 c:/intelfpga/18.1/nios2eds/bin/gnu/h-x86_64-mingw32/bin/../lib/gcc/nios2-elf/5.3.0/../../../../../H-x86_64-mingw32/nios2-elf/lib\libsmallc.a(lib_a-fvwrite_small_dev.o)
 .text.__sfvwrite_small_dev
                0x00000000000083ac       0xb8 c:/intelfpga/18.1/nios2eds/bin/gnu/h-x86_64-mingw32/bin/../lib/gcc/nios2-elf/5.3.0/../../../../../H-x86_64-mingw32/nios2-elf/lib\libsmallc.a(lib_a-fvwrite_small_dev.o)
                0x00000000000083ac                __sfvwrite_small_dev
 .text          0x0000000000008464        0x0 c:/intelfpga/18.1/nios2eds/bin/gnu/h-x86_64-mingw32/bin/../lib/gcc/nios2-elf/5.3.0/../../../../../H-x86_64-mingw32/nios2-elf/lib\libsmallc.a(lib_a-impure.o)
 .text          0x0000000000008464        0x0 c:/intelfpga/18.1/nios2eds/bin/gnu/h-x86_64-mingw32/bin/../lib/gcc/nios2-elf/5.3.0/../../../../../H-x86_64-mingw32/nios2-elf/lib\libsmallc.a(lib_a-writer.o)
 .text._write_r
                0x0000000000008464       0x58 c:/intelfpga/18.1/nios2eds/bin/gnu/h-x86_64-mingw32/bin/../lib/gcc/nios2-elf/5.3.0/../../../../../H-x86_64-mingw32/nios2-elf/lib\libsmallc.a(lib_a-writer.o)
                0x0000000000008464                _write_r
 .text          0x00000000000084bc        0x0 c:/intelfpga/18.1/nios2eds/bin/gnu/h-x86_64-mingw32/bin/../lib/gcc/nios2-elf/5.3.0/../../../../../H-x86_64-mingw32/nios2-elf/lib\libsmallc.a(lib_a-int_errno.o)
 .text          0x00000000000084bc       0xec ../binary_leds_bsp/\libhal_bsp.a(alt_load.o)
                0x0000000000008524                alt_load
 .text          0x00000000000085a8       0x7c ../binary_leds_bsp/\libhal_bsp.a(alt_main.o)
                0x00000000000085a8                alt_main
 .text          0x0000000000008624      0x134 ../binary_leds_bsp/\libhal_bsp.a(alt_write.o)
                0x0000000000008660                write
 .text          0x0000000000008758       0xb8 ../binary_leds_bsp/\libhal_bsp.a(alt_sys_init.o)
                0x000000000000878c                alt_irq_init
                0x00000000000087c4                alt_sys_init
 .text          0x0000000000008810       0xc0 ../binary_leds_bsp/\libhal_bsp.a(altera_avalon_jtag_uart_fd.o)
                0x0000000000008810                altera_avalon_jtag_uart_read_fd
                0x0000000000008870                altera_avalon_jtag_uart_write_fd
 .text          0x00000000000088d0       0xec ../binary_leds_bsp/\libhal_bsp.a(altera_avalon_jtag_uart_read.o)
                0x00000000000088d0                altera_avalon_jtag_uart_read
 .text          0x00000000000089bc       0x94 ../binary_leds_bsp/\libhal_bsp.a(altera_avalon_jtag_uart_write.o)
                0x00000000000089bc                altera_avalon_jtag_uart_write
 .text          0x0000000000008a50       0xf4 ../binary_leds_bsp/\libhal_bsp.a(altera_avalon_timer_sc.o)
                0x0000000000008ac8                alt_avalon_timer_sc_init
 .text          0x0000000000008b44      0x10c ../binary_leds_bsp/\libhal_bsp.a(alt_close.o)
                0x0000000000008b80                close
 .text          0x0000000000008c50       0x48 ../binary_leds_bsp/\libhal_bsp.a(alt_dcache_flush_all.o)
                0x0000000000008c50                alt_dcache_flush_all
 .text          0x0000000000008c98       0x2c ../binary_leds_bsp/\libhal_bsp.a(alt_dev.o)
 .text          0x0000000000008cc4       0xe0 ../binary_leds_bsp/\libhal_bsp.a(alt_dev_llist_insert.o)
                0x0000000000008d00                alt_dev_llist_insert
 .text          0x0000000000008da4       0x60 ../binary_leds_bsp/\libhal_bsp.a(alt_do_ctors.o)
                0x0000000000008da4                _do_ctors
 .text          0x0000000000008e04       0x60 ../binary_leds_bsp/\libhal_bsp.a(alt_do_dtors.o)
                0x0000000000008e04                _do_dtors
 .text          0x0000000000008e64        0x0 ../binary_leds_bsp/\libhal_bsp.a(alt_errno.o)
 .text          0x0000000000008e64       0x34 ../binary_leds_bsp/\libhal_bsp.a(alt_icache_flush_all.o)
                0x0000000000008e64                alt_icache_flush_all
 .text          0x0000000000008e98      0x1b0 ../binary_leds_bsp/\libhal_bsp.a(alt_iic.o)
                0x0000000000008e98                alt_ic_isr_register
                0x0000000000008ee8                alt_ic_irq_enable
                0x0000000000008f70                alt_ic_irq_disable
                0x0000000000008ffc                alt_ic_irq_enabled
 .text          0x0000000000009048       0xf0 ../binary_leds_bsp/\libhal_bsp.a(alt_iic_isr_register.o)
                0x0000000000009048                alt_iic_isr_register
 .text          0x0000000000009138      0x140 ../binary_leds_bsp/\libhal_bsp.a(alt_io_redirect.o)
                0x00000000000091fc                alt_io_redirect
 .text          0x0000000000009278        0x0 ../binary_leds_bsp/\libhal_bsp.a(alt_irq_entry.o)
 .text          0x0000000000009278        0x0 ../binary_leds_bsp/\libhal_bsp.a(alt_irq_handler.o)
 .text          0x0000000000009278        0x0 ../binary_leds_bsp/\libhal_bsp.a(alt_irq_vars.o)
 .text          0x0000000000009278      0x254 ../binary_leds_bsp/\libhal_bsp.a(alt_open.o)
                0x0000000000009378                open
 .text          0x00000000000094cc       0x64 ../binary_leds_bsp/\libhal_bsp.a(alt_release_fd.o)
                0x00000000000094cc                alt_release_fd
 .text          0x0000000000009530      0x1a4 ../binary_leds_bsp/\libhal_bsp.a(alt_tick.o)
                0x0000000000009530                alt_alarm_stop
                0x00000000000095cc                alt_tick
 .text          0x00000000000096d4       0x24 ../binary_leds_bsp/\libhal_bsp.a(altera_nios2_gen2_irq.o)
                0x00000000000096d4                altera_nios2_gen2_irq_init
 .text          0x00000000000096f8        0x0 ../binary_leds_bsp/\libhal_bsp.a(alt_exception_entry.o)
 .text          0x00000000000096f8       0x90 ../binary_leds_bsp/\libhal_bsp.a(alt_find_dev.o)
                0x00000000000096f8                alt_find_dev
 .text          0x0000000000009788      0x108 ../binary_leds_bsp/\libhal_bsp.a(alt_find_file.o)
                0x0000000000009788                alt_find_file
 .text          0x0000000000009890       0xa4 ../binary_leds_bsp/\libhal_bsp.a(alt_get_fd.o)
                0x0000000000009890                alt_get_fd
 .text          0x0000000000009934       0x90 ../binary_leds_bsp/\libhal_bsp.a(alt_icache_flush.o)
                0x0000000000009934                alt_icache_flush
 .text          0x00000000000099c4       0x9c ../binary_leds_bsp/\libhal_bsp.a(alt_instruction_exception_entry.o)
                0x00000000000099c4                alt_exception_cause_generated_bad_addr
 .text          0x0000000000009a60        0x0 c:/intelfpga/18.1/nios2eds/bin/gnu/h-x86_64-mingw32/bin/../lib/gcc/nios2-elf/5.3.0/../../../../../H-x86_64-mingw32/nios2-elf/lib\libsmallc.a(lib_a-atexit.o)
 .text.atexit   0x0000000000009a60       0x14 c:/intelfpga/18.1/nios2eds/bin/gnu/h-x86_64-mingw32/bin/../lib/gcc/nios2-elf/5.3.0/../../../../../H-x86_64-mingw32/nios2-elf/lib\libsmallc.a(lib_a-atexit.o)
                0x0000000000009a60                atexit
 .text          0x0000000000009a74        0x0 c:/intelfpga/18.1/nios2eds/bin/gnu/h-x86_64-mingw32/bin/../lib/gcc/nios2-elf/5.3.0/../../../../../H-x86_64-mingw32/nios2-elf/lib\libsmallc.a(lib_a-exit.o)
 .text.exit     0x0000000000009a74       0x20 c:/intelfpga/18.1/nios2eds/bin/gnu/h-x86_64-mingw32/bin/../lib/gcc/nios2-elf/5.3.0/../../../../../H-x86_64-mingw32/nios2-elf/lib\libsmallc.a(lib_a-exit.o)
                0x0000000000009a74                exit
 .text          0x0000000000009a94        0x0 c:/intelfpga/18.1/nios2eds/bin/gnu/h-x86_64-mingw32/bin/../lib/gcc/nios2-elf/5.3.0/../../../../../H-x86_64-mingw32/nios2-elf/lib\libsmallc.a(lib_a-memcmp.o)
 .text.memcmp   0x0000000000009a94       0x30 c:/intelfpga/18.1/nios2eds/bin/gnu/h-x86_64-mingw32/bin/../lib/gcc/nios2-elf/5.3.0/../../../../../H-x86_64-mingw32/nios2-elf/lib\libsmallc.a(lib_a-memcmp.o)
                0x0000000000009a94                memcmp
 .text          0x0000000000009ac4        0x0 c:/intelfpga/18.1/nios2eds/bin/gnu/h-x86_64-mingw32/bin/../lib/gcc/nios2-elf/5.3.0/../../../../../H-x86_64-mingw32/nios2-elf/lib\libsmallc.a(lib_a-__atexit.o)
 .text.__register_exitproc
                0x0000000000009ac4      0x158 c:/intelfpga/18.1/nios2eds/bin/gnu/h-x86_64-mingw32/bin/../lib/gcc/nios2-elf/5.3.0/../../../../../H-x86_64-mingw32/nios2-elf/lib\libsmallc.a(lib_a-__atexit.o)
                0x0000000000009ac4                __register_exitproc
 .text          0x0000000000009c1c        0x0 c:/intelfpga/18.1/nios2eds/bin/gnu/h-x86_64-mingw32/bin/../lib/gcc/nios2-elf/5.3.0/../../../../../H-x86_64-mingw32/nios2-elf/lib\libsmallc.a(lib_a-__call_atexit.o)
 .text.__call_exitprocs
                0x0000000000009c1c      0x190 c:/intelfpga/18.1/nios2eds/bin/gnu/h-x86_64-mingw32/bin/../lib/gcc/nios2-elf/5.3.0/../../../../../H-x86_64-mingw32/nios2-elf/lib\libsmallc.a(lib_a-__call_atexit.o)
                0x0000000000009c1c                __call_exitprocs
 .text          0x0000000000009dac       0x34 ../binary_leds_bsp/\libhal_bsp.a(alt_exit.o)
                0x0000000000009dac                _exit
 *(.gnu.warning.*)
 *(.fini)
                [!provide]                        PROVIDE (__etext, ABSOLUTE (.))
                [!provide]                        PROVIDE (_etext, ABSOLUTE (.))
                [!provide]                        PROVIDE (etext, ABSOLUTE (.))
 *(.eh_frame_hdr)
                0x0000000000009de0                . = ALIGN (0x4)
                [!provide]                        PROVIDE (__preinit_array_start, ABSOLUTE (.))
 *(.preinit_array)
                [!provide]                        PROVIDE (__preinit_array_end, ABSOLUTE (.))
                [!provide]                        PROVIDE (__init_array_start, ABSOLUTE (.))
 *(.init_array)
                [!provide]                        PROVIDE (__init_array_end, ABSOLUTE (.))
                [!provide]                        PROVIDE (__fini_array_start, ABSOLUTE (.))
 *(.fini_array)
                [!provide]                        PROVIDE (__fini_array_end, ABSOLUTE (.))
 *(.eh_frame)
 *(.gcc_except_table .gcc_except_table.*)
 *(.dynamic)
                0x0000000000009de0                PROVIDE (__CTOR_LIST__, ABSOLUTE (.))
 *(.ctors)
 *(SORT(.ctors.*))
                0x0000000000009de0                PROVIDE (__CTOR_END__, ABSOLUTE (.))
                0x0000000000009de0                PROVIDE (__DTOR_LIST__, ABSOLUTE (.))
 *(.dtors)
 *(SORT(.dtors.*))
                0x0000000000009de0                PROVIDE (__DTOR_END__, ABSOLUTE (.))
 *(.jcr)
                0x0000000000009de0                . = ALIGN (0x4)

.rodata         0x0000000000009de0       0x64
                0x0000000000009de0                PROVIDE (__ram_rodata_start, ABSOLUTE (.))
                0x0000000000009de0                . = ALIGN (0x4)
 *(.rodata .rodata.* .gnu.linkonce.r.*)
 .rodata        0x0000000000009de0       0x33 obj/default/my_binary_leds.o
 *fill*         0x0000000000009e13        0x1 
 .rodata.str1.4
                0x0000000000009e14        0x4 c:/intelfpga/18.1/nios2eds/bin/gnu/h-x86_64-mingw32/bin/../lib/gcc/nios2-elf/5.3.0/../../../../../H-x86_64-mingw32/nios2-elf/lib\libsmallc.a(lib_a-puts.o)
                                          0x2 (size before relaxing)
 .rodata        0x0000000000009e18        0xf ../binary_leds_bsp/\libhal_bsp.a(alt_main.o)
 *fill*         0x0000000000009e27        0x1 
 .rodata        0x0000000000009e28        0xf ../binary_leds_bsp/\libhal_bsp.a(alt_sys_init.o)
 *fill*         0x0000000000009e37        0x1 
 .rodata        0x0000000000009e38        0xa ../binary_leds_bsp/\libhal_bsp.a(alt_dev.o)
 *(.rodata1)
                0x0000000000009e44                . = ALIGN (0x4)
 *fill*         0x0000000000009e42        0x2 
                0x0000000000009e44                PROVIDE (__ram_rodata_end, ABSOLUTE (.))
                0x0000000000009de0                PROVIDE (__flash_rodata_start, LOADADDR (.rodata))

.rwdata         0x0000000000009e44      0x2e0 load address 0x000000000000a124
                0x0000000000009e44                PROVIDE (__ram_rwdata_start, ABSOLUTE (.))
                0x0000000000009e44                . = ALIGN (0x4)
 *(.got.plt)
 *(.got)
 *(.data1)
 *(.data .data.* .gnu.linkonce.d.*)
 .data          0x0000000000009e44        0x0 ../binary_leds_bsp//obj/HAL/src/crt0.o
 .data          0x0000000000009e44        0x0 obj/default/my_binary_leds.o
 .data          0x0000000000009e44        0x0 c:/intelfpga/18.1/nios2eds/bin/gnu/h-x86_64-mingw32/bin/../lib/gcc/nios2-elf/5.3.0/../../../../../H-x86_64-mingw32/nios2-elf/lib\libsmallc.a(lib_a-puts.o)
 .data          0x0000000000009e44        0x0 c:/intelfpga/18.1/nios2eds/bin/gnu/h-x86_64-mingw32/bin/../lib/gcc/nios2-elf/5.3.0/../../../../../H-x86_64-mingw32/nios2-elf/lib\libsmallc.a(lib_a-strlen.o)
 .data          0x0000000000009e44        0x0 c:/intelfpga/18.1/nios2eds/bin/gnu/h-x86_64-mingw32/bin/../lib/gcc/nios2-elf/5.3.0/../../../../../H-x86_64-mingw32/nios2-elf/lib\libsmallc.a(lib_a-fvwrite_small_dev.o)
 .data          0x0000000000009e44        0x0 c:/intelfpga/18.1/nios2eds/bin/gnu/h-x86_64-mingw32/bin/../lib/gcc/nios2-elf/5.3.0/../../../../../H-x86_64-mingw32/nios2-elf/lib\libsmallc.a(lib_a-impure.o)
 .data.impure_data
                0x0000000000009e44       0xe0 c:/intelfpga/18.1/nios2eds/bin/gnu/h-x86_64-mingw32/bin/../lib/gcc/nios2-elf/5.3.0/../../../../../H-x86_64-mingw32/nios2-elf/lib\libsmallc.a(lib_a-impure.o)
 .data          0x0000000000009f24        0x0 c:/intelfpga/18.1/nios2eds/bin/gnu/h-x86_64-mingw32/bin/../lib/gcc/nios2-elf/5.3.0/../../../../../H-x86_64-mingw32/nios2-elf/lib\libsmallc.a(lib_a-writer.o)
 .data          0x0000000000009f24        0x0 c:/intelfpga/18.1/nios2eds/bin/gnu/h-x86_64-mingw32/bin/../lib/gcc/nios2-elf/5.3.0/../../../../../H-x86_64-mingw32/nios2-elf/lib\libsmallc.a(lib_a-int_errno.o)
 .data          0x0000000000009f24        0x0 ../binary_leds_bsp/\libhal_bsp.a(alt_load.o)
 .data          0x0000000000009f24        0x0 ../binary_leds_bsp/\libhal_bsp.a(alt_main.o)
 .data          0x0000000000009f24        0x0 ../binary_leds_bsp/\libhal_bsp.a(alt_write.o)
 .data          0x0000000000009f24       0x2c ../binary_leds_bsp/\libhal_bsp.a(alt_sys_init.o)
 .data          0x0000000000009f50        0x0 ../binary_leds_bsp/\libhal_bsp.a(altera_avalon_jtag_uart_fd.o)
 .data          0x0000000000009f50        0x0 ../binary_leds_bsp/\libhal_bsp.a(altera_avalon_jtag_uart_read.o)
 .data          0x0000000000009f50        0x0 ../binary_leds_bsp/\libhal_bsp.a(altera_avalon_jtag_uart_write.o)
 .data          0x0000000000009f50        0x0 ../binary_leds_bsp/\libhal_bsp.a(altera_avalon_timer_sc.o)
 .data          0x0000000000009f50        0x0 ../binary_leds_bsp/\libhal_bsp.a(alt_close.o)
 .data          0x0000000000009f50        0x0 ../binary_leds_bsp/\libhal_bsp.a(alt_dcache_flush_all.o)
 .data          0x0000000000009f50      0x1a8 ../binary_leds_bsp/\libhal_bsp.a(alt_dev.o)
                0x0000000000009f50                alt_dev_null
                0x0000000000009f78                alt_fd_list
 .data          0x000000000000a0f8        0x0 ../binary_leds_bsp/\libhal_bsp.a(alt_dev_llist_insert.o)
 .data          0x000000000000a0f8        0x0 ../binary_leds_bsp/\libhal_bsp.a(alt_do_ctors.o)
 .data          0x000000000000a0f8        0x0 ../binary_leds_bsp/\libhal_bsp.a(alt_do_dtors.o)
 .data          0x000000000000a0f8        0x0 ../binary_leds_bsp/\libhal_bsp.a(alt_errno.o)
 .data          0x000000000000a0f8        0x0 ../binary_leds_bsp/\libhal_bsp.a(alt_icache_flush_all.o)
 .data          0x000000000000a0f8        0x0 ../binary_leds_bsp/\libhal_bsp.a(alt_iic.o)
 .data          0x000000000000a0f8        0x0 ../binary_leds_bsp/\libhal_bsp.a(alt_iic_isr_register.o)
 .data          0x000000000000a0f8        0x0 ../binary_leds_bsp/\libhal_bsp.a(alt_io_redirect.o)
 .data          0x000000000000a0f8        0x0 ../binary_leds_bsp/\libhal_bsp.a(alt_irq_entry.o)
 .data          0x000000000000a0f8        0x0 ../binary_leds_bsp/\libhal_bsp.a(alt_irq_handler.o)
 .data          0x000000000000a0f8        0x0 ../binary_leds_bsp/\libhal_bsp.a(alt_irq_vars.o)
 .data          0x000000000000a0f8        0x0 ../binary_leds_bsp/\libhal_bsp.a(alt_open.o)
 .data          0x000000000000a0f8        0x0 ../binary_leds_bsp/\libhal_bsp.a(alt_release_fd.o)
 .data          0x000000000000a0f8        0x0 ../binary_leds_bsp/\libhal_bsp.a(alt_tick.o)
 .data          0x000000000000a0f8        0x0 ../binary_leds_bsp/\libhal_bsp.a(altera_nios2_gen2_irq.o)
 .data          0x000000000000a0f8        0x0 ../binary_leds_bsp/\libhal_bsp.a(alt_exception_entry.o)
 .data          0x000000000000a0f8        0x0 ../binary_leds_bsp/\libhal_bsp.a(alt_find_dev.o)
 .data          0x000000000000a0f8        0x0 ../binary_leds_bsp/\libhal_bsp.a(alt_find_file.o)
 .data          0x000000000000a0f8        0x0 ../binary_leds_bsp/\libhal_bsp.a(alt_get_fd.o)
 .data          0x000000000000a0f8        0x0 ../binary_leds_bsp/\libhal_bsp.a(alt_icache_flush.o)
 .data          0x000000000000a0f8        0x0 ../binary_leds_bsp/\libhal_bsp.a(alt_instruction_exception_entry.o)
 .data          0x000000000000a0f8        0x0 c:/intelfpga/18.1/nios2eds/bin/gnu/h-x86_64-mingw32/bin/../lib/gcc/nios2-elf/5.3.0/../../../../../H-x86_64-mingw32/nios2-elf/lib\libsmallc.a(lib_a-atexit.o)
 .data          0x000000000000a0f8        0x0 c:/intelfpga/18.1/nios2eds/bin/gnu/h-x86_64-mingw32/bin/../lib/gcc/nios2-elf/5.3.0/../../../../../H-x86_64-mingw32/nios2-elf/lib\libsmallc.a(lib_a-exit.o)
 .data          0x000000000000a0f8        0x0 c:/intelfpga/18.1/nios2eds/bin/gnu/h-x86_64-mingw32/bin/../lib/gcc/nios2-elf/5.3.0/../../../../../H-x86_64-mingw32/nios2-elf/lib\libsmallc.a(lib_a-memcmp.o)
 .data          0x000000000000a0f8        0x0 c:/intelfpga/18.1/nios2eds/bin/gnu/h-x86_64-mingw32/bin/../lib/gcc/nios2-elf/5.3.0/../../../../../H-x86_64-mingw32/nios2-elf/lib\libsmallc.a(lib_a-__atexit.o)
 .data          0x000000000000a0f8        0x0 c:/intelfpga/18.1/nios2eds/bin/gnu/h-x86_64-mingw32/bin/../lib/gcc/nios2-elf/5.3.0/../../../../../H-x86_64-mingw32/nios2-elf/lib\libsmallc.a(lib_a-__call_atexit.o)
 .data          0x000000000000a0f8        0x0 ../binary_leds_bsp/\libhal_bsp.a(alt_exit.o)
                0x00000000000120f8                _gp = ABSOLUTE ((. + 0x8000))
                [!provide]                        PROVIDE (gp, _gp)
 *(.rwdata .rwdata.*)
 *(.sdata .sdata.* .gnu.linkonce.s.*)
 .sdata._global_impure_ptr
                0x000000000000a0f8        0x4 c:/intelfpga/18.1/nios2eds/bin/gnu/h-x86_64-mingw32/bin/../lib/gcc/nios2-elf/5.3.0/../../../../../H-x86_64-mingw32/nios2-elf/lib\libsmallc.a(lib_a-impure.o)
                0x000000000000a0f8                _global_impure_ptr
 .sdata._impure_ptr
                0x000000000000a0fc        0x4 c:/intelfpga/18.1/nios2eds/bin/gnu/h-x86_64-mingw32/bin/../lib/gcc/nios2-elf/5.3.0/../../../../../H-x86_64-mingw32/nios2-elf/lib\libsmallc.a(lib_a-impure.o)
                0x000000000000a0fc                _impure_ptr
 .sdata         0x000000000000a100       0x14 ../binary_leds_bsp/\libhal_bsp.a(alt_dev.o)
                0x000000000000a100                alt_fs_list
                0x000000000000a108                alt_dev_list
                0x000000000000a110                alt_max_fd
 .sdata         0x000000000000a114        0x4 ../binary_leds_bsp/\libhal_bsp.a(alt_errno.o)
                0x000000000000a114                alt_errno
 .sdata         0x000000000000a118        0x4 ../binary_leds_bsp/\libhal_bsp.a(alt_irq_vars.o)
                0x000000000000a118                alt_priority_mask
 .sdata         0x000000000000a11c        0x8 ../binary_leds_bsp/\libhal_bsp.a(alt_tick.o)
                0x000000000000a11c                alt_alarm_list
 *(.sdata2 .sdata2.* .gnu.linkonce.s2.*)
                0x000000000000a124                . = ALIGN (0x4)
                0x000000000000a124                _edata = ABSOLUTE (.)
                [!provide]                        PROVIDE (edata, ABSOLUTE (.))
                0x000000000000a124                PROVIDE (__ram_rwdata_end, ABSOLUTE (.))
                0x000000000000a124                PROVIDE (__flash_rwdata_start, LOADADDR (.rwdata))

.bss            0x000000000000a404      0x120
                0x000000000000a404                __bss_start = ABSOLUTE (.)
                [!provide]                        PROVIDE (__sbss_start, ABSOLUTE (.))
                [!provide]                        PROVIDE (___sbss_start, ABSOLUTE (.))
 *(.dynsbss)
 *(.sbss .sbss.* .gnu.linkonce.sb.*)
 .sbss          0x000000000000a404        0x4 c:/intelfpga/18.1/nios2eds/bin/gnu/h-x86_64-mingw32/bin/../lib/gcc/nios2-elf/5.3.0/../../../../../H-x86_64-mingw32/nios2-elf/lib\libsmallc.a(lib_a-int_errno.o)
                0x000000000000a404                errno
 .sbss          0x000000000000a408        0xc ../binary_leds_bsp/\libhal_bsp.a(alt_main.o)
                0x000000000000a408                alt_argc
                0x000000000000a40c                alt_argv
                0x000000000000a410                alt_envp
 .sbss          0x000000000000a414        0x4 ../binary_leds_bsp/\libhal_bsp.a(alt_irq_vars.o)
                0x000000000000a414                alt_irq_active
 .sbss          0x000000000000a418        0x8 ../binary_leds_bsp/\libhal_bsp.a(alt_tick.o)
                0x000000000000a418                _alt_tick_rate
                0x000000000000a41c                _alt_nticks
 .sbss          0x000000000000a420        0x4 ../binary_leds_bsp/\libhal_bsp.a(alt_instruction_exception_entry.o)
                0x000000000000a420                alt_instruction_exception_handler
 *(.sbss2 .sbss2.* .gnu.linkonce.sb2.*)
 *(.scommon)
                [!provide]                        PROVIDE (__sbss_end, ABSOLUTE (.))
                [!provide]                        PROVIDE (___sbss_end, ABSOLUTE (.))
 *(.dynbss)
 *(.bss .bss.* .gnu.linkonce.b.*)
 .bss           0x000000000000a424        0x0 ../binary_leds_bsp//obj/HAL/src/crt0.o
 .bss           0x000000000000a424        0x0 obj/default/my_binary_leds.o
 .bss           0x000000000000a424        0x0 c:/intelfpga/18.1/nios2eds/bin/gnu/h-x86_64-mingw32/bin/../lib/gcc/nios2-elf/5.3.0/../../../../../H-x86_64-mingw32/nios2-elf/lib\libsmallc.a(lib_a-puts.o)
 .bss           0x000000000000a424        0x0 c:/intelfpga/18.1/nios2eds/bin/gnu/h-x86_64-mingw32/bin/../lib/gcc/nios2-elf/5.3.0/../../../../../H-x86_64-mingw32/nios2-elf/lib\libsmallc.a(lib_a-strlen.o)
 .bss           0x000000000000a424        0x0 c:/intelfpga/18.1/nios2eds/bin/gnu/h-x86_64-mingw32/bin/../lib/gcc/nios2-elf/5.3.0/../../../../../H-x86_64-mingw32/nios2-elf/lib\libsmallc.a(lib_a-fvwrite_small_dev.o)
 .bss           0x000000000000a424        0x0 c:/intelfpga/18.1/nios2eds/bin/gnu/h-x86_64-mingw32/bin/../lib/gcc/nios2-elf/5.3.0/../../../../../H-x86_64-mingw32/nios2-elf/lib\libsmallc.a(lib_a-impure.o)
 .bss           0x000000000000a424        0x0 c:/intelfpga/18.1/nios2eds/bin/gnu/h-x86_64-mingw32/bin/../lib/gcc/nios2-elf/5.3.0/../../../../../H-x86_64-mingw32/nios2-elf/lib\libsmallc.a(lib_a-writer.o)
 .bss           0x000000000000a424        0x0 c:/intelfpga/18.1/nios2eds/bin/gnu/h-x86_64-mingw32/bin/../lib/gcc/nios2-elf/5.3.0/../../../../../H-x86_64-mingw32/nios2-elf/lib\libsmallc.a(lib_a-int_errno.o)
 .bss           0x000000000000a424        0x0 ../binary_leds_bsp/\libhal_bsp.a(alt_load.o)
 .bss           0x000000000000a424        0x0 ../binary_leds_bsp/\libhal_bsp.a(alt_main.o)
 .bss           0x000000000000a424        0x0 ../binary_leds_bsp/\libhal_bsp.a(alt_write.o)
 .bss           0x000000000000a424        0x0 ../binary_leds_bsp/\libhal_bsp.a(alt_sys_init.o)
 .bss           0x000000000000a424        0x0 ../binary_leds_bsp/\libhal_bsp.a(altera_avalon_jtag_uart_fd.o)
 .bss           0x000000000000a424        0x0 ../binary_leds_bsp/\libhal_bsp.a(altera_avalon_jtag_uart_read.o)
 .bss           0x000000000000a424        0x0 ../binary_leds_bsp/\libhal_bsp.a(altera_avalon_jtag_uart_write.o)
 .bss           0x000000000000a424        0x0 ../binary_leds_bsp/\libhal_bsp.a(altera_avalon_timer_sc.o)
 .bss           0x000000000000a424        0x0 ../binary_leds_bsp/\libhal_bsp.a(alt_close.o)
 .bss           0x000000000000a424        0x0 ../binary_leds_bsp/\libhal_bsp.a(alt_dcache_flush_all.o)
 .bss           0x000000000000a424        0x0 ../binary_leds_bsp/\libhal_bsp.a(alt_dev.o)
 .bss           0x000000000000a424        0x0 ../binary_leds_bsp/\libhal_bsp.a(alt_dev_llist_insert.o)
 .bss           0x000000000000a424        0x0 ../binary_leds_bsp/\libhal_bsp.a(alt_do_ctors.o)
 .bss           0x000000000000a424        0x0 ../binary_leds_bsp/\libhal_bsp.a(alt_do_dtors.o)
 .bss           0x000000000000a424        0x0 ../binary_leds_bsp/\libhal_bsp.a(alt_errno.o)
 .bss           0x000000000000a424        0x0 ../binary_leds_bsp/\libhal_bsp.a(alt_icache_flush_all.o)
 .bss           0x000000000000a424        0x0 ../binary_leds_bsp/\libhal_bsp.a(alt_iic.o)
 .bss           0x000000000000a424        0x0 ../binary_leds_bsp/\libhal_bsp.a(alt_iic_isr_register.o)
 .bss           0x000000000000a424        0x0 ../binary_leds_bsp/\libhal_bsp.a(alt_io_redirect.o)
 .bss           0x000000000000a424        0x0 ../binary_leds_bsp/\libhal_bsp.a(alt_irq_entry.o)
 .bss           0x000000000000a424        0x0 ../binary_leds_bsp/\libhal_bsp.a(alt_irq_handler.o)
 .bss           0x000000000000a424        0x0 ../binary_leds_bsp/\libhal_bsp.a(alt_irq_vars.o)
 .bss           0x000000000000a424        0x0 ../binary_leds_bsp/\libhal_bsp.a(alt_open.o)
 .bss           0x000000000000a424        0x0 ../binary_leds_bsp/\libhal_bsp.a(alt_release_fd.o)
 .bss           0x000000000000a424        0x0 ../binary_leds_bsp/\libhal_bsp.a(alt_tick.o)
 .bss           0x000000000000a424        0x0 ../binary_leds_bsp/\libhal_bsp.a(altera_nios2_gen2_irq.o)
 .bss           0x000000000000a424        0x0 ../binary_leds_bsp/\libhal_bsp.a(alt_exception_entry.o)
 .bss           0x000000000000a424        0x0 ../binary_leds_bsp/\libhal_bsp.a(alt_find_dev.o)
 .bss           0x000000000000a424        0x0 ../binary_leds_bsp/\libhal_bsp.a(alt_find_file.o)
 .bss           0x000000000000a424        0x0 ../binary_leds_bsp/\libhal_bsp.a(alt_get_fd.o)
 .bss           0x000000000000a424        0x0 ../binary_leds_bsp/\libhal_bsp.a(alt_icache_flush.o)
 .bss           0x000000000000a424        0x0 ../binary_leds_bsp/\libhal_bsp.a(alt_instruction_exception_entry.o)
 .bss           0x000000000000a424        0x0 c:/intelfpga/18.1/nios2eds/bin/gnu/h-x86_64-mingw32/bin/../lib/gcc/nios2-elf/5.3.0/../../../../../H-x86_64-mingw32/nios2-elf/lib\libsmallc.a(lib_a-atexit.o)
 .bss           0x000000000000a424        0x0 c:/intelfpga/18.1/nios2eds/bin/gnu/h-x86_64-mingw32/bin/../lib/gcc/nios2-elf/5.3.0/../../../../../H-x86_64-mingw32/nios2-elf/lib\libsmallc.a(lib_a-exit.o)
 .bss           0x000000000000a424        0x0 c:/intelfpga/18.1/nios2eds/bin/gnu/h-x86_64-mingw32/bin/../lib/gcc/nios2-elf/5.3.0/../../../../../H-x86_64-mingw32/nios2-elf/lib\libsmallc.a(lib_a-memcmp.o)
 .bss           0x000000000000a424        0x0 c:/intelfpga/18.1/nios2eds/bin/gnu/h-x86_64-mingw32/bin/../lib/gcc/nios2-elf/5.3.0/../../../../../H-x86_64-mingw32/nios2-elf/lib\libsmallc.a(lib_a-__atexit.o)
 .bss           0x000000000000a424        0x0 c:/intelfpga/18.1/nios2eds/bin/gnu/h-x86_64-mingw32/bin/../lib/gcc/nios2-elf/5.3.0/../../../../../H-x86_64-mingw32/nios2-elf/lib\libsmallc.a(lib_a-__call_atexit.o)
 .bss           0x000000000000a424        0x0 ../binary_leds_bsp/\libhal_bsp.a(alt_exit.o)
 *(COMMON)
 COMMON         0x000000000000a424      0x100 ../binary_leds_bsp/\libhal_bsp.a(alt_irq_handler.o)
                0x000000000000a424                alt_irq
                0x000000000000a524                . = ALIGN (0x4)
                0x000000000000a524                __bss_end = ABSOLUTE (.)

.onchip_memory  0x000000000000a524        0x0
                [!provide]                        PROVIDE (_alt_partition_onchip_memory_start, ABSOLUTE (.))
 *(.onchip_memory .onchip_memory. onchip_memory.*)
                0x000000000000a524                . = ALIGN (0x4)
                [!provide]                        PROVIDE (_alt_partition_onchip_memory_end, ABSOLUTE (.))
                0x000000000000a524                _end = ABSOLUTE (.)
                0x000000000000a524                end = ABSOLUTE (.)
                0x000000000000a524                __alt_stack_base = ABSOLUTE (.)
                [!provide]                        PROVIDE (_alt_partition_onchip_memory_load_addr, LOADADDR (.onchip_memory))

.stab
 *(.stab)

.stabstr
 *(.stabstr)

.stab.excl
 *(.stab.excl)

.stab.exclstr
 *(.stab.exclstr)

.stab.index
 *(.stab.index)

.stab.indexstr
 *(.stab.indexstr)

.comment        0x0000000000000000       0x23
 *(.comment)
 .comment       0x0000000000000000       0x23 obj/default/my_binary_leds.o
                                         0x24 (size before relaxing)
 .comment       0x0000000000000023       0x24 c:/intelfpga/18.1/nios2eds/bin/gnu/h-x86_64-mingw32/bin/../lib/gcc/nios2-elf/5.3.0/../../../../../H-x86_64-mingw32/nios2-elf/lib\libsmallc.a(lib_a-puts.o)
 .comment       0x0000000000000023       0x24 c:/intelfpga/18.1/nios2eds/bin/gnu/h-x86_64-mingw32/bin/../lib/gcc/nios2-elf/5.3.0/../../../../../H-x86_64-mingw32/nios2-elf/lib\libsmallc.a(lib_a-strlen.o)
 .comment       0x0000000000000023       0x24 c:/intelfpga/18.1/nios2eds/bin/gnu/h-x86_64-mingw32/bin/../lib/gcc/nios2-elf/5.3.0/../../../../../H-x86_64-mingw32/nios2-elf/lib\libsmallc.a(lib_a-fvwrite_small_dev.o)
 .comment       0x0000000000000023       0x24 c:/intelfpga/18.1/nios2eds/bin/gnu/h-x86_64-mingw32/bin/../lib/gcc/nios2-elf/5.3.0/../../../../../H-x86_64-mingw32/nios2-elf/lib\libsmallc.a(lib_a-impure.o)
 .comment       0x0000000000000023       0x24 c:/intelfpga/18.1/nios2eds/bin/gnu/h-x86_64-mingw32/bin/../lib/gcc/nios2-elf/5.3.0/../../../../../H-x86_64-mingw32/nios2-elf/lib\libsmallc.a(lib_a-writer.o)
 .comment       0x0000000000000023       0x24 c:/intelfpga/18.1/nios2eds/bin/gnu/h-x86_64-mingw32/bin/../lib/gcc/nios2-elf/5.3.0/../../../../../H-x86_64-mingw32/nios2-elf/lib\libsmallc.a(lib_a-int_errno.o)
 .comment       0x0000000000000023       0x24 ../binary_leds_bsp/\libhal_bsp.a(alt_load.o)
 .comment       0x0000000000000023       0x24 ../binary_leds_bsp/\libhal_bsp.a(alt_main.o)
 .comment       0x0000000000000023       0x24 ../binary_leds_bsp/\libhal_bsp.a(alt_write.o)
 .comment       0x0000000000000023       0x24 ../binary_leds_bsp/\libhal_bsp.a(alt_sys_init.o)
 .comment       0x0000000000000023       0x24 ../binary_leds_bsp/\libhal_bsp.a(altera_avalon_jtag_uart_fd.o)
 .comment       0x0000000000000023       0x24 ../binary_leds_bsp/\libhal_bsp.a(altera_avalon_jtag_uart_read.o)
 .comment       0x0000000000000023       0x24 ../binary_leds_bsp/\libhal_bsp.a(altera_avalon_jtag_uart_write.o)
 .comment       0x0000000000000023       0x24 ../binary_leds_bsp/\libhal_bsp.a(altera_avalon_timer_sc.o)
 .comment       0x0000000000000023       0x24 ../binary_leds_bsp/\libhal_bsp.a(alt_close.o)
 .comment       0x0000000000000023       0x24 ../binary_leds_bsp/\libhal_bsp.a(alt_dcache_flush_all.o)
 .comment       0x0000000000000023       0x24 ../binary_leds_bsp/\libhal_bsp.a(alt_dev.o)
 .comment       0x0000000000000023       0x24 ../binary_leds_bsp/\libhal_bsp.a(alt_dev_llist_insert.o)
 .comment       0x0000000000000023       0x24 ../binary_leds_bsp/\libhal_bsp.a(alt_do_ctors.o)
 .comment       0x0000000000000023       0x24 ../binary_leds_bsp/\libhal_bsp.a(alt_do_dtors.o)
 .comment       0x0000000000000023       0x24 ../binary_leds_bsp/\libhal_bsp.a(alt_errno.o)
 .comment       0x0000000000000023       0x24 ../binary_leds_bsp/\libhal_bsp.a(alt_icache_flush_all.o)
 .comment       0x0000000000000023       0x24 ../binary_leds_bsp/\libhal_bsp.a(alt_iic.o)
 .comment       0x0000000000000023       0x24 ../binary_leds_bsp/\libhal_bsp.a(alt_iic_isr_register.o)
 .comment       0x0000000000000023       0x24 ../binary_leds_bsp/\libhal_bsp.a(alt_io_redirect.o)
 .comment       0x0000000000000023       0x24 ../binary_leds_bsp/\libhal_bsp.a(alt_irq_handler.o)
 .comment       0x0000000000000023       0x24 ../binary_leds_bsp/\libhal_bsp.a(alt_irq_vars.o)
 .comment       0x0000000000000023       0x24 ../binary_leds_bsp/\libhal_bsp.a(alt_open.o)
 .comment       0x0000000000000023       0x24 ../binary_leds_bsp/\libhal_bsp.a(alt_release_fd.o)
 .comment       0x0000000000000023       0x24 ../binary_leds_bsp/\libhal_bsp.a(alt_tick.o)
 .comment       0x0000000000000023       0x24 ../binary_leds_bsp/\libhal_bsp.a(altera_nios2_gen2_irq.o)
 .comment       0x0000000000000023       0x24 ../binary_leds_bsp/\libhal_bsp.a(alt_find_dev.o)
 .comment       0x0000000000000023       0x24 ../binary_leds_bsp/\libhal_bsp.a(alt_find_file.o)
 .comment       0x0000000000000023       0x24 ../binary_leds_bsp/\libhal_bsp.a(alt_get_fd.o)
 .comment       0x0000000000000023       0x24 ../binary_leds_bsp/\libhal_bsp.a(alt_icache_flush.o)
 .comment       0x0000000000000023       0x24 ../binary_leds_bsp/\libhal_bsp.a(alt_instruction_exception_entry.o)
 .comment       0x0000000000000023       0x24 c:/intelfpga/18.1/nios2eds/bin/gnu/h-x86_64-mingw32/bin/../lib/gcc/nios2-elf/5.3.0/../../../../../H-x86_64-mingw32/nios2-elf/lib\libsmallc.a(lib_a-atexit.o)
 .comment       0x0000000000000023       0x24 c:/intelfpga/18.1/nios2eds/bin/gnu/h-x86_64-mingw32/bin/../lib/gcc/nios2-elf/5.3.0/../../../../../H-x86_64-mingw32/nios2-elf/lib\libsmallc.a(lib_a-exit.o)
 .comment       0x0000000000000023       0x24 c:/intelfpga/18.1/nios2eds/bin/gnu/h-x86_64-mingw32/bin/../lib/gcc/nios2-elf/5.3.0/../../../../../H-x86_64-mingw32/nios2-elf/lib\libsmallc.a(lib_a-memcmp.o)
 .comment       0x0000000000000023       0x24 c:/intelfpga/18.1/nios2eds/bin/gnu/h-x86_64-mingw32/bin/../lib/gcc/nios2-elf/5.3.0/../../../../../H-x86_64-mingw32/nios2-elf/lib\libsmallc.a(lib_a-__atexit.o)
 .comment       0x0000000000000023       0x24 c:/intelfpga/18.1/nios2eds/bin/gnu/h-x86_64-mingw32/bin/../lib/gcc/nios2-elf/5.3.0/../../../../../H-x86_64-mingw32/nios2-elf/lib\libsmallc.a(lib_a-__call_atexit.o)
 .comment       0x0000000000000023       0x24 ../binary_leds_bsp/\libhal_bsp.a(alt_exit.o)

.debug
 *(.debug)

.line
 *(.line)

.debug_srcinfo
 *(.debug_srcinfo)

.debug_sfnames
 *(.debug_sfnames)

.debug_aranges  0x0000000000000000      0x5e0
 *(.debug_aranges)
 .debug_aranges
                0x0000000000000000       0x28 ../binary_leds_bsp//obj/HAL/src/crt0.o
 .debug_aranges
                0x0000000000000028       0x20 obj/default/my_binary_leds.o
 .debug_aranges
                0x0000000000000048       0x28 c:/intelfpga/18.1/nios2eds/bin/gnu/h-x86_64-mingw32/bin/../lib/gcc/nios2-elf/5.3.0/../../../../../H-x86_64-mingw32/nios2-elf/lib\libsmallc.a(lib_a-puts.o)
 .debug_aranges
                0x0000000000000070       0x20 c:/intelfpga/18.1/nios2eds/bin/gnu/h-x86_64-mingw32/bin/../lib/gcc/nios2-elf/5.3.0/../../../../../H-x86_64-mingw32/nios2-elf/lib\libsmallc.a(lib_a-strlen.o)
 .debug_aranges
                0x0000000000000090       0x20 c:/intelfpga/18.1/nios2eds/bin/gnu/h-x86_64-mingw32/bin/../lib/gcc/nios2-elf/5.3.0/../../../../../H-x86_64-mingw32/nios2-elf/lib\libsmallc.a(lib_a-fvwrite_small_dev.o)
 .debug_aranges
                0x00000000000000b0       0x18 c:/intelfpga/18.1/nios2eds/bin/gnu/h-x86_64-mingw32/bin/../lib/gcc/nios2-elf/5.3.0/../../../../../H-x86_64-mingw32/nios2-elf/lib\libsmallc.a(lib_a-impure.o)
 .debug_aranges
                0x00000000000000c8       0x20 c:/intelfpga/18.1/nios2eds/bin/gnu/h-x86_64-mingw32/bin/../lib/gcc/nios2-elf/5.3.0/../../../../../H-x86_64-mingw32/nios2-elf/lib\libsmallc.a(lib_a-writer.o)
 .debug_aranges
                0x00000000000000e8       0x18 c:/intelfpga/18.1/nios2eds/bin/gnu/h-x86_64-mingw32/bin/../lib/gcc/nios2-elf/5.3.0/../../../../../H-x86_64-mingw32/nios2-elf/lib\libsmallc.a(lib_a-int_errno.o)
 .debug_aranges
                0x0000000000000100       0x20 ../binary_leds_bsp/\libhal_bsp.a(alt_load.o)
 .debug_aranges
                0x0000000000000120       0x20 ../binary_leds_bsp/\libhal_bsp.a(alt_main.o)
 .debug_aranges
                0x0000000000000140       0x20 ../binary_leds_bsp/\libhal_bsp.a(alt_write.o)
 .debug_aranges
                0x0000000000000160       0x20 ../binary_leds_bsp/\libhal_bsp.a(alt_sys_init.o)
 .debug_aranges
                0x0000000000000180       0x20 ../binary_leds_bsp/\libhal_bsp.a(altera_avalon_jtag_uart_fd.o)
 .debug_aranges
                0x00000000000001a0       0x20 ../binary_leds_bsp/\libhal_bsp.a(altera_avalon_jtag_uart_read.o)
 .debug_aranges
                0x00000000000001c0       0x20 ../binary_leds_bsp/\libhal_bsp.a(altera_avalon_jtag_uart_write.o)
 .debug_aranges
                0x00000000000001e0       0x20 ../binary_leds_bsp/\libhal_bsp.a(altera_avalon_timer_sc.o)
 .debug_aranges
                0x0000000000000200       0x20 ../binary_leds_bsp/\libhal_bsp.a(alt_close.o)
 .debug_aranges
                0x0000000000000220       0x20 ../binary_leds_bsp/\libhal_bsp.a(alt_dcache_flush_all.o)
 .debug_aranges
                0x0000000000000240       0x20 ../binary_leds_bsp/\libhal_bsp.a(alt_dev.o)
 .debug_aranges
                0x0000000000000260       0x20 ../binary_leds_bsp/\libhal_bsp.a(alt_dev_llist_insert.o)
 .debug_aranges
                0x0000000000000280       0x20 ../binary_leds_bsp/\libhal_bsp.a(alt_do_ctors.o)
 .debug_aranges
                0x00000000000002a0       0x20 ../binary_leds_bsp/\libhal_bsp.a(alt_do_dtors.o)
 .debug_aranges
                0x00000000000002c0       0x18 ../binary_leds_bsp/\libhal_bsp.a(alt_errno.o)
 .debug_aranges
                0x00000000000002d8       0x20 ../binary_leds_bsp/\libhal_bsp.a(alt_icache_flush_all.o)
 .debug_aranges
                0x00000000000002f8       0x20 ../binary_leds_bsp/\libhal_bsp.a(alt_iic.o)
 .debug_aranges
                0x0000000000000318       0x20 ../binary_leds_bsp/\libhal_bsp.a(alt_iic_isr_register.o)
 .debug_aranges
                0x0000000000000338       0x20 ../binary_leds_bsp/\libhal_bsp.a(alt_io_redirect.o)
 .debug_aranges
                0x0000000000000358       0x30 ../binary_leds_bsp/\libhal_bsp.a(alt_irq_entry.o)
 .debug_aranges
                0x0000000000000388       0x20 ../binary_leds_bsp/\libhal_bsp.a(alt_irq_handler.o)
 .debug_aranges
                0x00000000000003a8       0x18 ../binary_leds_bsp/\libhal_bsp.a(alt_irq_vars.o)
 .debug_aranges
                0x00000000000003c0       0x20 ../binary_leds_bsp/\libhal_bsp.a(alt_open.o)
 .debug_aranges
                0x00000000000003e0       0x20 ../binary_leds_bsp/\libhal_bsp.a(alt_release_fd.o)
 .debug_aranges
                0x0000000000000400       0x20 ../binary_leds_bsp/\libhal_bsp.a(alt_tick.o)
 .debug_aranges
                0x0000000000000420       0x20 ../binary_leds_bsp/\libhal_bsp.a(altera_nios2_gen2_irq.o)
 .debug_aranges
                0x0000000000000440       0x38 ../binary_leds_bsp/\libhal_bsp.a(alt_exception_entry.o)
 .debug_aranges
                0x0000000000000478       0x20 ../binary_leds_bsp/\libhal_bsp.a(alt_find_dev.o)
 .debug_aranges
                0x0000000000000498       0x20 ../binary_leds_bsp/\libhal_bsp.a(alt_find_file.o)
 .debug_aranges
                0x00000000000004b8       0x20 ../binary_leds_bsp/\libhal_bsp.a(alt_get_fd.o)
 .debug_aranges
                0x00000000000004d8       0x20 ../binary_leds_bsp/\libhal_bsp.a(alt_icache_flush.o)
 .debug_aranges
                0x00000000000004f8       0x28 ../binary_leds_bsp/\libhal_bsp.a(alt_instruction_exception_entry.o)
 .debug_aranges
                0x0000000000000520       0x20 c:/intelfpga/18.1/nios2eds/bin/gnu/h-x86_64-mingw32/bin/../lib/gcc/nios2-elf/5.3.0/../../../../../H-x86_64-mingw32/nios2-elf/lib\libsmallc.a(lib_a-atexit.o)
 .debug_aranges
                0x0000000000000540       0x20 c:/intelfpga/18.1/nios2eds/bin/gnu/h-x86_64-mingw32/bin/../lib/gcc/nios2-elf/5.3.0/../../../../../H-x86_64-mingw32/nios2-elf/lib\libsmallc.a(lib_a-exit.o)
 .debug_aranges
                0x0000000000000560       0x20 c:/intelfpga/18.1/nios2eds/bin/gnu/h-x86_64-mingw32/bin/../lib/gcc/nios2-elf/5.3.0/../../../../../H-x86_64-mingw32/nios2-elf/lib\libsmallc.a(lib_a-memcmp.o)
 .debug_aranges
                0x0000000000000580       0x20 c:/intelfpga/18.1/nios2eds/bin/gnu/h-x86_64-mingw32/bin/../lib/gcc/nios2-elf/5.3.0/../../../../../H-x86_64-mingw32/nios2-elf/lib\libsmallc.a(lib_a-__atexit.o)
 .debug_aranges
                0x00000000000005a0       0x20 c:/intelfpga/18.1/nios2eds/bin/gnu/h-x86_64-mingw32/bin/../lib/gcc/nios2-elf/5.3.0/../../../../../H-x86_64-mingw32/nios2-elf/lib\libsmallc.a(lib_a-__call_atexit.o)
 .debug_aranges
                0x00000000000005c0       0x20 ../binary_leds_bsp/\libhal_bsp.a(alt_exit.o)

.debug_pubnames
 *(.debug_pubnames)

.debug_info     0x0000000000000000     0x6deb
 *(.debug_info .gnu.linkonce.wi.*)
 .debug_info    0x0000000000000000       0x63 ../binary_leds_bsp//obj/HAL/src/crt0.o
 .debug_info    0x0000000000000063       0xca obj/default/my_binary_leds.o
 .debug_info    0x000000000000012d      0x66d c:/intelfpga/18.1/nios2eds/bin/gnu/h-x86_64-mingw32/bin/../lib/gcc/nios2-elf/5.3.0/../../../../../H-x86_64-mingw32/nios2-elf/lib\libsmallc.a(lib_a-puts.o)
 .debug_info    0x000000000000079a       0xc9 c:/intelfpga/18.1/nios2eds/bin/gnu/h-x86_64-mingw32/bin/../lib/gcc/nios2-elf/5.3.0/../../../../../H-x86_64-mingw32/nios2-elf/lib\libsmallc.a(lib_a-strlen.o)
 .debug_info    0x0000000000000863      0x62b c:/intelfpga/18.1/nios2eds/bin/gnu/h-x86_64-mingw32/bin/../lib/gcc/nios2-elf/5.3.0/../../../../../H-x86_64-mingw32/nios2-elf/lib\libsmallc.a(lib_a-fvwrite_small_dev.o)
 .debug_info    0x0000000000000e8e      0x5a9 c:/intelfpga/18.1/nios2eds/bin/gnu/h-x86_64-mingw32/bin/../lib/gcc/nios2-elf/5.3.0/../../../../../H-x86_64-mingw32/nios2-elf/lib\libsmallc.a(lib_a-impure.o)
 .debug_info    0x0000000000001437      0x630 c:/intelfpga/18.1/nios2eds/bin/gnu/h-x86_64-mingw32/bin/../lib/gcc/nios2-elf/5.3.0/../../../../../H-x86_64-mingw32/nios2-elf/lib\libsmallc.a(lib_a-writer.o)
 .debug_info    0x0000000000001a67       0x8a c:/intelfpga/18.1/nios2eds/bin/gnu/h-x86_64-mingw32/bin/../lib/gcc/nios2-elf/5.3.0/../../../../../H-x86_64-mingw32/nios2-elf/lib\libsmallc.a(lib_a-int_errno.o)
 .debug_info    0x0000000000001af1      0x145 ../binary_leds_bsp/\libhal_bsp.a(alt_load.o)
 .debug_info    0x0000000000001c36      0x131 ../binary_leds_bsp/\libhal_bsp.a(alt_main.o)
 .debug_info    0x0000000000001d67      0x4b7 ../binary_leds_bsp/\libhal_bsp.a(alt_write.o)
 .debug_info    0x000000000000221e      0x3df ../binary_leds_bsp/\libhal_bsp.a(alt_sys_init.o)
 .debug_info    0x00000000000025fd      0x3a7 ../binary_leds_bsp/\libhal_bsp.a(altera_avalon_jtag_uart_fd.o)
 .debug_info    0x00000000000029a4      0x1b2 ../binary_leds_bsp/\libhal_bsp.a(altera_avalon_jtag_uart_read.o)
 .debug_info    0x0000000000002b56      0x195 ../binary_leds_bsp/\libhal_bsp.a(altera_avalon_jtag_uart_write.o)
 .debug_info    0x0000000000002ceb      0x226 ../binary_leds_bsp/\libhal_bsp.a(altera_avalon_timer_sc.o)
 .debug_info    0x0000000000002f11      0x321 ../binary_leds_bsp/\libhal_bsp.a(alt_close.o)
 .debug_info    0x0000000000003232       0xa5 ../binary_leds_bsp/\libhal_bsp.a(alt_dcache_flush_all.o)
 .debug_info    0x00000000000032d7      0x49c ../binary_leds_bsp/\libhal_bsp.a(alt_dev.o)
 .debug_info    0x0000000000003773      0x1a9 ../binary_leds_bsp/\libhal_bsp.a(alt_dev_llist_insert.o)
 .debug_info    0x000000000000391c       0x83 ../binary_leds_bsp/\libhal_bsp.a(alt_do_ctors.o)
 .debug_info    0x000000000000399f       0x83 ../binary_leds_bsp/\libhal_bsp.a(alt_do_dtors.o)
 .debug_info    0x0000000000003a22       0xa6 ../binary_leds_bsp/\libhal_bsp.a(alt_errno.o)
 .debug_info    0x0000000000003ac8       0x92 ../binary_leds_bsp/\libhal_bsp.a(alt_icache_flush_all.o)
 .debug_info    0x0000000000003b5a      0x350 ../binary_leds_bsp/\libhal_bsp.a(alt_iic.o)
 .debug_info    0x0000000000003eaa      0x1ef ../binary_leds_bsp/\libhal_bsp.a(alt_iic_isr_register.o)
 .debug_info    0x0000000000004099      0x4a5 ../binary_leds_bsp/\libhal_bsp.a(alt_io_redirect.o)
 .debug_info    0x000000000000453e       0x6c ../binary_leds_bsp/\libhal_bsp.a(alt_irq_entry.o)
 .debug_info    0x00000000000045aa      0x187 ../binary_leds_bsp/\libhal_bsp.a(alt_irq_handler.o)
 .debug_info    0x0000000000004731       0x88 ../binary_leds_bsp/\libhal_bsp.a(alt_irq_vars.o)
 .debug_info    0x00000000000047b9      0x3bb ../binary_leds_bsp/\libhal_bsp.a(alt_open.o)
 .debug_info    0x0000000000004b74      0x2b0 ../binary_leds_bsp/\libhal_bsp.a(alt_release_fd.o)
 .debug_info    0x0000000000004e24      0x299 ../binary_leds_bsp/\libhal_bsp.a(alt_tick.o)
 .debug_info    0x00000000000050bd       0x92 ../binary_leds_bsp/\libhal_bsp.a(altera_nios2_gen2_irq.o)
 .debug_info    0x000000000000514f       0x72 ../binary_leds_bsp/\libhal_bsp.a(alt_exception_entry.o)
 .debug_info    0x00000000000051c1      0x2e9 ../binary_leds_bsp/\libhal_bsp.a(alt_find_dev.o)
 .debug_info    0x00000000000054aa      0x2e6 ../binary_leds_bsp/\libhal_bsp.a(alt_find_file.o)
 .debug_info    0x0000000000005790      0x310 ../binary_leds_bsp/\libhal_bsp.a(alt_get_fd.o)
 .debug_info    0x0000000000005aa0       0xdc ../binary_leds_bsp/\libhal_bsp.a(alt_icache_flush.o)
 .debug_info    0x0000000000005b7c      0x1e7 ../binary_leds_bsp/\libhal_bsp.a(alt_instruction_exception_entry.o)
 .debug_info    0x0000000000005d63       0xfe c:/intelfpga/18.1/nios2eds/bin/gnu/h-x86_64-mingw32/bin/../lib/gcc/nios2-elf/5.3.0/../../../../../H-x86_64-mingw32/nios2-elf/lib\libsmallc.a(lib_a-atexit.o)
 .debug_info    0x0000000000005e61       0xe5 c:/intelfpga/18.1/nios2eds/bin/gnu/h-x86_64-mingw32/bin/../lib/gcc/nios2-elf/5.3.0/../../../../../H-x86_64-mingw32/nios2-elf/lib\libsmallc.a(lib_a-exit.o)
 .debug_info    0x0000000000005f46       0xf4 c:/intelfpga/18.1/nios2eds/bin/gnu/h-x86_64-mingw32/bin/../lib/gcc/nios2-elf/5.3.0/../../../../../H-x86_64-mingw32/nios2-elf/lib\libsmallc.a(lib_a-memcmp.o)
 .debug_info    0x000000000000603a      0x64a c:/intelfpga/18.1/nios2eds/bin/gnu/h-x86_64-mingw32/bin/../lib/gcc/nios2-elf/5.3.0/../../../../../H-x86_64-mingw32/nios2-elf/lib\libsmallc.a(lib_a-__atexit.o)
 .debug_info    0x0000000000006684      0x67b c:/intelfpga/18.1/nios2eds/bin/gnu/h-x86_64-mingw32/bin/../lib/gcc/nios2-elf/5.3.0/../../../../../H-x86_64-mingw32/nios2-elf/lib\libsmallc.a(lib_a-__call_atexit.o)
 .debug_info    0x0000000000006cff       0xec ../binary_leds_bsp/\libhal_bsp.a(alt_exit.o)

.debug_abbrev   0x0000000000000000     0x283a
 *(.debug_abbrev)
 .debug_abbrev  0x0000000000000000       0x12 ../binary_leds_bsp//obj/HAL/src/crt0.o
 .debug_abbrev  0x0000000000000012       0x6d obj/default/my_binary_leds.o
 .debug_abbrev  0x000000000000007f      0x1d6 c:/intelfpga/18.1/nios2eds/bin/gnu/h-x86_64-mingw32/bin/../lib/gcc/nios2-elf/5.3.0/../../../../../H-x86_64-mingw32/nios2-elf/lib\libsmallc.a(lib_a-puts.o)
 .debug_abbrev  0x0000000000000255       0x7f c:/intelfpga/18.1/nios2eds/bin/gnu/h-x86_64-mingw32/bin/../lib/gcc/nios2-elf/5.3.0/../../../../../H-x86_64-mingw32/nios2-elf/lib\libsmallc.a(lib_a-strlen.o)
 .debug_abbrev  0x00000000000002d4      0x1bc c:/intelfpga/18.1/nios2eds/bin/gnu/h-x86_64-mingw32/bin/../lib/gcc/nios2-elf/5.3.0/../../../../../H-x86_64-mingw32/nios2-elf/lib\libsmallc.a(lib_a-fvwrite_small_dev.o)
 .debug_abbrev  0x0000000000000490      0x14a c:/intelfpga/18.1/nios2eds/bin/gnu/h-x86_64-mingw32/bin/../lib/gcc/nios2-elf/5.3.0/../../../../../H-x86_64-mingw32/nios2-elf/lib\libsmallc.a(lib_a-impure.o)
 .debug_abbrev  0x00000000000005da      0x1a6 c:/intelfpga/18.1/nios2eds/bin/gnu/h-x86_64-mingw32/bin/../lib/gcc/nios2-elf/5.3.0/../../../../../H-x86_64-mingw32/nios2-elf/lib\libsmallc.a(lib_a-writer.o)
 .debug_abbrev  0x0000000000000780       0x37 c:/intelfpga/18.1/nios2eds/bin/gnu/h-x86_64-mingw32/bin/../lib/gcc/nios2-elf/5.3.0/../../../../../H-x86_64-mingw32/nios2-elf/lib\libsmallc.a(lib_a-int_errno.o)
 .debug_abbrev  0x00000000000007b7       0x9f ../binary_leds_bsp/\libhal_bsp.a(alt_load.o)
 .debug_abbrev  0x0000000000000856       0xba ../binary_leds_bsp/\libhal_bsp.a(alt_main.o)
 .debug_abbrev  0x0000000000000910      0x133 ../binary_leds_bsp/\libhal_bsp.a(alt_write.o)
 .debug_abbrev  0x0000000000000a43      0x157 ../binary_leds_bsp/\libhal_bsp.a(alt_sys_init.o)
 .debug_abbrev  0x0000000000000b9a       0xf7 ../binary_leds_bsp/\libhal_bsp.a(altera_avalon_jtag_uart_fd.o)
 .debug_abbrev  0x0000000000000c91       0xd5 ../binary_leds_bsp/\libhal_bsp.a(altera_avalon_jtag_uart_read.o)
 .debug_abbrev  0x0000000000000d66       0xd5 ../binary_leds_bsp/\libhal_bsp.a(altera_avalon_jtag_uart_write.o)
 .debug_abbrev  0x0000000000000e3b      0x155 ../binary_leds_bsp/\libhal_bsp.a(altera_avalon_timer_sc.o)
 .debug_abbrev  0x0000000000000f90      0x11f ../binary_leds_bsp/\libhal_bsp.a(alt_close.o)
 .debug_abbrev  0x00000000000010af       0x5a ../binary_leds_bsp/\libhal_bsp.a(alt_dcache_flush_all.o)
 .debug_abbrev  0x0000000000001109       0xd9 ../binary_leds_bsp/\libhal_bsp.a(alt_dev.o)
 .debug_abbrev  0x00000000000011e2      0x114 ../binary_leds_bsp/\libhal_bsp.a(alt_dev_llist_insert.o)
 .debug_abbrev  0x00000000000012f6       0x79 ../binary_leds_bsp/\libhal_bsp.a(alt_do_ctors.o)
 .debug_abbrev  0x000000000000136f       0x79 ../binary_leds_bsp/\libhal_bsp.a(alt_do_dtors.o)
 .debug_abbrev  0x00000000000013e8       0x5a ../binary_leds_bsp/\libhal_bsp.a(alt_errno.o)
 .debug_abbrev  0x0000000000001442       0x42 ../binary_leds_bsp/\libhal_bsp.a(alt_icache_flush_all.o)
 .debug_abbrev  0x0000000000001484      0x163 ../binary_leds_bsp/\libhal_bsp.a(alt_iic.o)
 .debug_abbrev  0x00000000000015e7      0x169 ../binary_leds_bsp/\libhal_bsp.a(alt_iic_isr_register.o)
 .debug_abbrev  0x0000000000001750      0x114 ../binary_leds_bsp/\libhal_bsp.a(alt_io_redirect.o)
 .debug_abbrev  0x0000000000001864       0x12 ../binary_leds_bsp/\libhal_bsp.a(alt_irq_entry.o)
 .debug_abbrev  0x0000000000001876      0x122 ../binary_leds_bsp/\libhal_bsp.a(alt_irq_handler.o)
 .debug_abbrev  0x0000000000001998       0x40 ../binary_leds_bsp/\libhal_bsp.a(alt_irq_vars.o)
 .debug_abbrev  0x00000000000019d8      0x148 ../binary_leds_bsp/\libhal_bsp.a(alt_open.o)
 .debug_abbrev  0x0000000000001b20       0xde ../binary_leds_bsp/\libhal_bsp.a(alt_release_fd.o)
 .debug_abbrev  0x0000000000001bfe      0x15a ../binary_leds_bsp/\libhal_bsp.a(alt_tick.o)
 .debug_abbrev  0x0000000000001d58       0x42 ../binary_leds_bsp/\libhal_bsp.a(altera_nios2_gen2_irq.o)
 .debug_abbrev  0x0000000000001d9a       0x12 ../binary_leds_bsp/\libhal_bsp.a(alt_exception_entry.o)
 .debug_abbrev  0x0000000000001dac       0xf0 ../binary_leds_bsp/\libhal_bsp.a(alt_find_dev.o)
 .debug_abbrev  0x0000000000001e9c       0xf0 ../binary_leds_bsp/\libhal_bsp.a(alt_find_file.o)
 .debug_abbrev  0x0000000000001f8c      0x10d ../binary_leds_bsp/\libhal_bsp.a(alt_get_fd.o)
 .debug_abbrev  0x0000000000002099       0x8c ../binary_leds_bsp/\libhal_bsp.a(alt_icache_flush.o)
 .debug_abbrev  0x0000000000002125       0xdc ../binary_leds_bsp/\libhal_bsp.a(alt_instruction_exception_entry.o)
 .debug_abbrev  0x0000000000002201       0xaa c:/intelfpga/18.1/nios2eds/bin/gnu/h-x86_64-mingw32/bin/../lib/gcc/nios2-elf/5.3.0/../../../../../H-x86_64-mingw32/nios2-elf/lib\libsmallc.a(lib_a-atexit.o)
 .debug_abbrev  0x00000000000022ab       0x8b c:/intelfpga/18.1/nios2eds/bin/gnu/h-x86_64-mingw32/bin/../lib/gcc/nios2-elf/5.3.0/../../../../../H-x86_64-mingw32/nios2-elf/lib\libsmallc.a(lib_a-exit.o)
 .debug_abbrev  0x0000000000002336       0x7f c:/intelfpga/18.1/nios2eds/bin/gnu/h-x86_64-mingw32/bin/../lib/gcc/nios2-elf/5.3.0/../../../../../H-x86_64-mingw32/nios2-elf/lib\libsmallc.a(lib_a-memcmp.o)
 .debug_abbrev  0x00000000000023b5      0x1e6 c:/intelfpga/18.1/nios2eds/bin/gnu/h-x86_64-mingw32/bin/../lib/gcc/nios2-elf/5.3.0/../../../../../H-x86_64-mingw32/nios2-elf/lib\libsmallc.a(lib_a-__atexit.o)
 .debug_abbrev  0x000000000000259b      0x1f6 c:/intelfpga/18.1/nios2eds/bin/gnu/h-x86_64-mingw32/bin/../lib/gcc/nios2-elf/5.3.0/../../../../../H-x86_64-mingw32/nios2-elf/lib\libsmallc.a(lib_a-__call_atexit.o)
 .debug_abbrev  0x0000000000002791       0xa9 ../binary_leds_bsp/\libhal_bsp.a(alt_exit.o)

.debug_line     0x0000000000000000     0x2af4
 *(.debug_line)
 .debug_line    0x0000000000000000       0x72 ../binary_leds_bsp//obj/HAL/src/crt0.o
 .debug_line    0x0000000000000072       0x7e obj/default/my_binary_leds.o
 .debug_line    0x00000000000000f0      0x203 c:/intelfpga/18.1/nios2eds/bin/gnu/h-x86_64-mingw32/bin/../lib/gcc/nios2-elf/5.3.0/../../../../../H-x86_64-mingw32/nios2-elf/lib\libsmallc.a(lib_a-puts.o)
 .debug_line    0x00000000000002f3      0x159 c:/intelfpga/18.1/nios2eds/bin/gnu/h-x86_64-mingw32/bin/../lib/gcc/nios2-elf/5.3.0/../../../../../H-x86_64-mingw32/nios2-elf/lib\libsmallc.a(lib_a-strlen.o)
 .debug_line    0x000000000000044c      0x1ed c:/intelfpga/18.1/nios2eds/bin/gnu/h-x86_64-mingw32/bin/../lib/gcc/nios2-elf/5.3.0/../../../../../H-x86_64-mingw32/nios2-elf/lib\libsmallc.a(lib_a-fvwrite_small_dev.o)
 .debug_line    0x0000000000000639      0x153 c:/intelfpga/18.1/nios2eds/bin/gnu/h-x86_64-mingw32/bin/../lib/gcc/nios2-elf/5.3.0/../../../../../H-x86_64-mingw32/nios2-elf/lib\libsmallc.a(lib_a-impure.o)
 .debug_line    0x000000000000078c      0x1ea c:/intelfpga/18.1/nios2eds/bin/gnu/h-x86_64-mingw32/bin/../lib/gcc/nios2-elf/5.3.0/../../../../../H-x86_64-mingw32/nios2-elf/lib\libsmallc.a(lib_a-writer.o)
 .debug_line    0x0000000000000976       0x5c c:/intelfpga/18.1/nios2eds/bin/gnu/h-x86_64-mingw32/bin/../lib/gcc/nios2-elf/5.3.0/../../../../../H-x86_64-mingw32/nios2-elf/lib\libsmallc.a(lib_a-int_errno.o)
 .debug_line    0x00000000000009d2       0x8e ../binary_leds_bsp/\libhal_bsp.a(alt_load.o)
 .debug_line    0x0000000000000a60       0xa4 ../binary_leds_bsp/\libhal_bsp.a(alt_main.o)
 .debug_line    0x0000000000000b04      0x1d1 ../binary_leds_bsp/\libhal_bsp.a(alt_write.o)
 .debug_line    0x0000000000000cd5      0x141 ../binary_leds_bsp/\libhal_bsp.a(alt_sys_init.o)
 .debug_line    0x0000000000000e16      0x112 ../binary_leds_bsp/\libhal_bsp.a(altera_avalon_jtag_uart_fd.o)
 .debug_line    0x0000000000000f28       0xfd ../binary_leds_bsp/\libhal_bsp.a(altera_avalon_jtag_uart_read.o)
 .debug_line    0x0000000000001025       0xf4 ../binary_leds_bsp/\libhal_bsp.a(altera_avalon_jtag_uart_write.o)
 .debug_line    0x0000000000001119       0xfd ../binary_leds_bsp/\libhal_bsp.a(altera_avalon_timer_sc.o)
 .debug_line    0x0000000000001216      0x160 ../binary_leds_bsp/\libhal_bsp.a(alt_close.o)
 .debug_line    0x0000000000001376       0x61 ../binary_leds_bsp/\libhal_bsp.a(alt_dcache_flush_all.o)
 .debug_line    0x00000000000013d7       0xf3 ../binary_leds_bsp/\libhal_bsp.a(alt_dev.o)
 .debug_line    0x00000000000014ca       0xcf ../binary_leds_bsp/\libhal_bsp.a(alt_dev_llist_insert.o)
 .debug_line    0x0000000000001599       0x59 ../binary_leds_bsp/\libhal_bsp.a(alt_do_ctors.o)
 .debug_line    0x00000000000015f2       0x59 ../binary_leds_bsp/\libhal_bsp.a(alt_do_dtors.o)
 .debug_line    0x000000000000164b       0x51 ../binary_leds_bsp/\libhal_bsp.a(alt_errno.o)
 .debug_line    0x000000000000169c       0x50 ../binary_leds_bsp/\libhal_bsp.a(alt_icache_flush_all.o)
 .debug_line    0x00000000000016ec       0xeb ../binary_leds_bsp/\libhal_bsp.a(alt_iic.o)
 .debug_line    0x00000000000017d7       0xdb ../binary_leds_bsp/\libhal_bsp.a(alt_iic_isr_register.o)
 .debug_line    0x00000000000018b2      0x12e ../binary_leds_bsp/\libhal_bsp.a(alt_io_redirect.o)
 .debug_line    0x00000000000019e0       0x6b ../binary_leds_bsp/\libhal_bsp.a(alt_irq_entry.o)
 .debug_line    0x0000000000001a4b       0xaa ../binary_leds_bsp/\libhal_bsp.a(alt_irq_handler.o)
 .debug_line    0x0000000000001af5       0x50 ../binary_leds_bsp/\libhal_bsp.a(alt_irq_vars.o)
 .debug_line    0x0000000000001b45      0x128 ../binary_leds_bsp/\libhal_bsp.a(alt_open.o)
 .debug_line    0x0000000000001c6d       0xae ../binary_leds_bsp/\libhal_bsp.a(alt_release_fd.o)
 .debug_line    0x0000000000001d1b       0xff ../binary_leds_bsp/\libhal_bsp.a(alt_tick.o)
 .debug_line    0x0000000000001e1a       0x51 ../binary_leds_bsp/\libhal_bsp.a(altera_nios2_gen2_irq.o)
 .debug_line    0x0000000000001e6b       0xb3 ../binary_leds_bsp/\libhal_bsp.a(alt_exception_entry.o)
 .debug_line    0x0000000000001f1e       0xb5 ../binary_leds_bsp/\libhal_bsp.a(alt_find_dev.o)
 .debug_line    0x0000000000001fd3       0xd1 ../binary_leds_bsp/\libhal_bsp.a(alt_find_file.o)
 .debug_line    0x00000000000020a4       0xd4 ../binary_leds_bsp/\libhal_bsp.a(alt_get_fd.o)
 .debug_line    0x0000000000002178       0x81 ../binary_leds_bsp/\libhal_bsp.a(alt_icache_flush.o)
 .debug_line    0x00000000000021f9       0xba ../binary_leds_bsp/\libhal_bsp.a(alt_instruction_exception_entry.o)
 .debug_line    0x00000000000022b3       0xe4 c:/intelfpga/18.1/nios2eds/bin/gnu/h-x86_64-mingw32/bin/../lib/gcc/nios2-elf/5.3.0/../../../../../H-x86_64-mingw32/nios2-elf/lib\libsmallc.a(lib_a-atexit.o)
 .debug_line    0x0000000000002397      0x156 c:/intelfpga/18.1/nios2eds/bin/gnu/h-x86_64-mingw32/bin/../lib/gcc/nios2-elf/5.3.0/../../../../../H-x86_64-mingw32/nios2-elf/lib\libsmallc.a(lib_a-exit.o)
 .debug_line    0x00000000000024ed      0x15d c:/intelfpga/18.1/nios2eds/bin/gnu/h-x86_64-mingw32/bin/../lib/gcc/nios2-elf/5.3.0/../../../../../H-x86_64-mingw32/nios2-elf/lib\libsmallc.a(lib_a-memcmp.o)
 .debug_line    0x000000000000264a      0x20a c:/intelfpga/18.1/nios2eds/bin/gnu/h-x86_64-mingw32/bin/../lib/gcc/nios2-elf/5.3.0/../../../../../H-x86_64-mingw32/nios2-elf/lib\libsmallc.a(lib_a-__atexit.o)
 .debug_line    0x0000000000002854      0x22f c:/intelfpga/18.1/nios2eds/bin/gnu/h-x86_64-mingw32/bin/../lib/gcc/nios2-elf/5.3.0/../../../../../H-x86_64-mingw32/nios2-elf/lib\libsmallc.a(lib_a-__call_atexit.o)
 .debug_line    0x0000000000002a83       0x71 ../binary_leds_bsp/\libhal_bsp.a(alt_exit.o)

.debug_frame    0x0000000000000000      0xaac
 *(.debug_frame)
 .debug_frame   0x0000000000000000       0x2c obj/default/my_binary_leds.o
 .debug_frame   0x000000000000002c       0x48 c:/intelfpga/18.1/nios2eds/bin/gnu/h-x86_64-mingw32/bin/../lib/gcc/nios2-elf/5.3.0/../../../../../H-x86_64-mingw32/nios2-elf/lib\libsmallc.a(lib_a-puts.o)
 .debug_frame   0x0000000000000074       0x20 c:/intelfpga/18.1/nios2eds/bin/gnu/h-x86_64-mingw32/bin/../lib/gcc/nios2-elf/5.3.0/../../../../../H-x86_64-mingw32/nios2-elf/lib\libsmallc.a(lib_a-strlen.o)
 .debug_frame   0x0000000000000094       0x58 c:/intelfpga/18.1/nios2eds/bin/gnu/h-x86_64-mingw32/bin/../lib/gcc/nios2-elf/5.3.0/../../../../../H-x86_64-mingw32/nios2-elf/lib\libsmallc.a(lib_a-fvwrite_small_dev.o)
 .debug_frame   0x00000000000000ec       0x38 c:/intelfpga/18.1/nios2eds/bin/gnu/h-x86_64-mingw32/bin/../lib/gcc/nios2-elf/5.3.0/../../../../../H-x86_64-mingw32/nios2-elf/lib\libsmallc.a(lib_a-writer.o)
 .debug_frame   0x0000000000000124       0x5c ../binary_leds_bsp/\libhal_bsp.a(alt_load.o)
 .debug_frame   0x0000000000000180       0x2c ../binary_leds_bsp/\libhal_bsp.a(alt_main.o)
 .debug_frame   0x00000000000001ac       0x60 ../binary_leds_bsp/\libhal_bsp.a(alt_write.o)
 .debug_frame   0x000000000000020c       0x88 ../binary_leds_bsp/\libhal_bsp.a(alt_sys_init.o)
 .debug_frame   0x0000000000000294       0x60 ../binary_leds_bsp/\libhal_bsp.a(altera_avalon_jtag_uart_fd.o)
 .debug_frame   0x00000000000002f4       0x34 ../binary_leds_bsp/\libhal_bsp.a(altera_avalon_jtag_uart_read.o)
 .debug_frame   0x0000000000000328       0x34 ../binary_leds_bsp/\libhal_bsp.a(altera_avalon_jtag_uart_write.o)
 .debug_frame   0x000000000000035c       0x60 ../binary_leds_bsp/\libhal_bsp.a(altera_avalon_timer_sc.o)
 .debug_frame   0x00000000000003bc       0x60 ../binary_leds_bsp/\libhal_bsp.a(alt_close.o)
 .debug_frame   0x000000000000041c       0x34 ../binary_leds_bsp/\libhal_bsp.a(alt_dcache_flush_all.o)
 .debug_frame   0x0000000000000450       0x34 ../binary_leds_bsp/\libhal_bsp.a(alt_dev.o)
 .debug_frame   0x0000000000000484       0x60 ../binary_leds_bsp/\libhal_bsp.a(alt_dev_llist_insert.o)
 .debug_frame   0x00000000000004e4       0x38 ../binary_leds_bsp/\libhal_bsp.a(alt_do_ctors.o)
 .debug_frame   0x000000000000051c       0x38 ../binary_leds_bsp/\libhal_bsp.a(alt_do_dtors.o)
 .debug_frame   0x0000000000000554       0x38 ../binary_leds_bsp/\libhal_bsp.a(alt_icache_flush_all.o)
 .debug_frame   0x000000000000058c       0xa4 ../binary_leds_bsp/\libhal_bsp.a(alt_iic.o)
 .debug_frame   0x0000000000000630       0x38 ../binary_leds_bsp/\libhal_bsp.a(alt_iic_isr_register.o)
 .debug_frame   0x0000000000000668       0x60 ../binary_leds_bsp/\libhal_bsp.a(alt_io_redirect.o)
 .debug_frame   0x00000000000006c8       0x38 ../binary_leds_bsp/\libhal_bsp.a(alt_irq_handler.o)
 .debug_frame   0x0000000000000700       0x84 ../binary_leds_bsp/\libhal_bsp.a(alt_open.o)
 .debug_frame   0x0000000000000784       0x34 ../binary_leds_bsp/\libhal_bsp.a(alt_release_fd.o)
 .debug_frame   0x00000000000007b8       0x5c ../binary_leds_bsp/\libhal_bsp.a(alt_tick.o)
 .debug_frame   0x0000000000000814       0x34 ../binary_leds_bsp/\libhal_bsp.a(altera_nios2_gen2_irq.o)
 .debug_frame   0x0000000000000848       0x38 ../binary_leds_bsp/\libhal_bsp.a(alt_find_dev.o)
 .debug_frame   0x0000000000000880       0x38 ../binary_leds_bsp/\libhal_bsp.a(alt_find_file.o)
 .debug_frame   0x00000000000008b8       0x34 ../binary_leds_bsp/\libhal_bsp.a(alt_get_fd.o)
 .debug_frame   0x00000000000008ec       0x34 ../binary_leds_bsp/\libhal_bsp.a(alt_icache_flush.o)
 .debug_frame   0x0000000000000920       0x5c ../binary_leds_bsp/\libhal_bsp.a(alt_instruction_exception_entry.o)
 .debug_frame   0x000000000000097c       0x20 c:/intelfpga/18.1/nios2eds/bin/gnu/h-x86_64-mingw32/bin/../lib/gcc/nios2-elf/5.3.0/../../../../../H-x86_64-mingw32/nios2-elf/lib\libsmallc.a(lib_a-atexit.o)
 .debug_frame   0x000000000000099c       0x28 c:/intelfpga/18.1/nios2eds/bin/gnu/h-x86_64-mingw32/bin/../lib/gcc/nios2-elf/5.3.0/../../../../../H-x86_64-mingw32/nios2-elf/lib\libsmallc.a(lib_a-exit.o)
 .debug_frame   0x00000000000009c4       0x20 c:/intelfpga/18.1/nios2eds/bin/gnu/h-x86_64-mingw32/bin/../lib/gcc/nios2-elf/5.3.0/../../../../../H-x86_64-mingw32/nios2-elf/lib\libsmallc.a(lib_a-memcmp.o)
 .debug_frame   0x00000000000009e4       0x48 c:/intelfpga/18.1/nios2eds/bin/gnu/h-x86_64-mingw32/bin/../lib/gcc/nios2-elf/5.3.0/../../../../../H-x86_64-mingw32/nios2-elf/lib\libsmallc.a(lib_a-__atexit.o)
 .debug_frame   0x0000000000000a2c       0x54 c:/intelfpga/18.1/nios2eds/bin/gnu/h-x86_64-mingw32/bin/../lib/gcc/nios2-elf/5.3.0/../../../../../H-x86_64-mingw32/nios2-elf/lib\libsmallc.a(lib_a-__call_atexit.o)
 .debug_frame   0x0000000000000a80       0x2c ../binary_leds_bsp/\libhal_bsp.a(alt_exit.o)

.debug_str      0x0000000000000000     0x1945
 *(.debug_str)
 .debug_str     0x0000000000000000       0xfa obj/default/my_binary_leds.o
                                        0x13e (size before relaxing)
 .debug_str     0x00000000000000fa      0x3d1 c:/intelfpga/18.1/nios2eds/bin/gnu/h-x86_64-mingw32/bin/../lib/gcc/nios2-elf/5.3.0/../../../../../H-x86_64-mingw32/nios2-elf/lib\libsmallc.a(lib_a-puts.o)
                                        0x4b3 (size before relaxing)
 .debug_str     0x00000000000004cb       0xc4 c:/intelfpga/18.1/nios2eds/bin/gnu/h-x86_64-mingw32/bin/../lib/gcc/nios2-elf/5.3.0/../../../../../H-x86_64-mingw32/nios2-elf/lib\libsmallc.a(lib_a-strlen.o)
                                        0x1cb (size before relaxing)
 .debug_str     0x000000000000058f       0x60 c:/intelfpga/18.1/nios2eds/bin/gnu/h-x86_64-mingw32/bin/../lib/gcc/nios2-elf/5.3.0/../../../../../H-x86_64-mingw32/nios2-elf/lib\libsmallc.a(lib_a-fvwrite_small_dev.o)
                                        0x4ba (size before relaxing)
 .debug_str     0x00000000000005ef       0xe1 c:/intelfpga/18.1/nios2eds/bin/gnu/h-x86_64-mingw32/bin/../lib/gcc/nios2-elf/5.3.0/../../../../../H-x86_64-mingw32/nios2-elf/lib\libsmallc.a(lib_a-impure.o)
                                        0x4a4 (size before relaxing)
 .debug_str     0x00000000000006d0       0x42 c:/intelfpga/18.1/nios2eds/bin/gnu/h-x86_64-mingw32/bin/../lib/gcc/nios2-elf/5.3.0/../../../../../H-x86_64-mingw32/nios2-elf/lib\libsmallc.a(lib_a-writer.o)
                                        0x49e (size before relaxing)
 .debug_str     0x0000000000000712       0x3c c:/intelfpga/18.1/nios2eds/bin/gnu/h-x86_64-mingw32/bin/../lib/gcc/nios2-elf/5.3.0/../../../../../H-x86_64-mingw32/nios2-elf/lib\libsmallc.a(lib_a-int_errno.o)
                                        0x1be (size before relaxing)
 .debug_str     0x000000000000074e      0x120 ../binary_leds_bsp/\libhal_bsp.a(alt_load.o)
                                        0x204 (size before relaxing)
 .debug_str     0x000000000000086e       0x70 ../binary_leds_bsp/\libhal_bsp.a(alt_main.o)
                                        0x18f (size before relaxing)
 .debug_str     0x00000000000008de      0x15f ../binary_leds_bsp/\libhal_bsp.a(alt_write.o)
                                        0x2ea (size before relaxing)
 .debug_str     0x0000000000000a3d      0x136 ../binary_leds_bsp/\libhal_bsp.a(alt_sys_init.o)
                                        0x2fc (size before relaxing)
 .debug_str     0x0000000000000b73       0x77 ../binary_leds_bsp/\libhal_bsp.a(altera_avalon_jtag_uart_fd.o)
                                        0x2c7 (size before relaxing)
 .debug_str     0x0000000000000bea       0x48 ../binary_leds_bsp/\libhal_bsp.a(altera_avalon_jtag_uart_read.o)
                                        0x211 (size before relaxing)
 .debug_str     0x0000000000000c32       0x4a ../binary_leds_bsp/\libhal_bsp.a(altera_avalon_jtag_uart_write.o)
                                        0x207 (size before relaxing)
 .debug_str     0x0000000000000c7c       0xb6 ../binary_leds_bsp/\libhal_bsp.a(altera_avalon_timer_sc.o)
                                        0x23d (size before relaxing)
 .debug_str     0x0000000000000d32       0x1b ../binary_leds_bsp/\libhal_bsp.a(alt_close.o)
                                        0x1fd (size before relaxing)
 .debug_str     0x0000000000000d4d       0x34 ../binary_leds_bsp/\libhal_bsp.a(alt_dcache_flush_all.o)
                                        0x147 (size before relaxing)
 .debug_str     0x0000000000000d81       0x50 ../binary_leds_bsp/\libhal_bsp.a(alt_dev.o)
                                        0x2f7 (size before relaxing)
 .debug_str     0x0000000000000dd1       0x45 ../binary_leds_bsp/\libhal_bsp.a(alt_dev_llist_insert.o)
                                        0x1be (size before relaxing)
 .debug_str     0x0000000000000e16       0x48 ../binary_leds_bsp/\libhal_bsp.a(alt_do_ctors.o)
                                         0xc2 (size before relaxing)
 .debug_str     0x0000000000000e5e       0x4c ../binary_leds_bsp/\libhal_bsp.a(alt_do_dtors.o)
                                         0xc1 (size before relaxing)
 .debug_str     0x0000000000000eaa       0x14 ../binary_leds_bsp/\libhal_bsp.a(alt_errno.o)
                                        0x137 (size before relaxing)
 .debug_str     0x0000000000000ebe       0x34 ../binary_leds_bsp/\libhal_bsp.a(alt_icache_flush_all.o)
                                        0x147 (size before relaxing)
 .debug_str     0x0000000000000ef2       0xc4 ../binary_leds_bsp/\libhal_bsp.a(alt_iic.o)
                                        0x230 (size before relaxing)
 .debug_str     0x0000000000000fb6       0x4c ../binary_leds_bsp/\libhal_bsp.a(alt_iic_isr_register.o)
                                        0x1da (size before relaxing)
 .debug_str     0x0000000000001002       0x56 ../binary_leds_bsp/\libhal_bsp.a(alt_io_redirect.o)
                                        0x308 (size before relaxing)
 .debug_str     0x0000000000001058       0x3a ../binary_leds_bsp/\libhal_bsp.a(alt_irq_handler.o)
                                        0x189 (size before relaxing)
 .debug_str     0x0000000000001092       0x17 ../binary_leds_bsp/\libhal_bsp.a(alt_irq_vars.o)
                                        0x12c (size before relaxing)
 .debug_str     0x00000000000010a9       0x2f ../binary_leds_bsp/\libhal_bsp.a(alt_open.o)
                                        0x23d (size before relaxing)
 .debug_str     0x00000000000010d8       0x28 ../binary_leds_bsp/\libhal_bsp.a(alt_release_fd.o)
                                        0x1c5 (size before relaxing)
 .debug_str     0x0000000000001100       0x78 ../binary_leds_bsp/\libhal_bsp.a(alt_tick.o)
                                        0x244 (size before relaxing)
 .debug_str     0x0000000000001178       0x3b ../binary_leds_bsp/\libhal_bsp.a(altera_nios2_gen2_irq.o)
                                        0x14e (size before relaxing)
 .debug_str     0x00000000000011b3       0x24 ../binary_leds_bsp/\libhal_bsp.a(alt_find_dev.o)
                                        0x1de (size before relaxing)
 .debug_str     0x00000000000011d7       0x26 ../binary_leds_bsp/\libhal_bsp.a(alt_find_file.o)
                                        0x1ec (size before relaxing)
 .debug_str     0x00000000000011fd       0x30 ../binary_leds_bsp/\libhal_bsp.a(alt_get_fd.o)
                                        0x20e (size before relaxing)
 .debug_str     0x000000000000122d       0x2c ../binary_leds_bsp/\libhal_bsp.a(alt_icache_flush.o)
                                        0x14d (size before relaxing)
 .debug_str     0x0000000000001259      0x48b ../binary_leds_bsp/\libhal_bsp.a(alt_instruction_exception_entry.o)
                                        0x592 (size before relaxing)
 .debug_str     0x00000000000016e4      0x108 c:/intelfpga/18.1/nios2eds/bin/gnu/h-x86_64-mingw32/bin/../lib/gcc/nios2-elf/5.3.0/../../../../../H-x86_64-mingw32/nios2-elf/lib\libsmallc.a(lib_a-atexit.o)
                                        0x202 (size before relaxing)
 .debug_str     0x00000000000017ec       0x49 c:/intelfpga/18.1/nios2eds/bin/gnu/h-x86_64-mingw32/bin/../lib/gcc/nios2-elf/5.3.0/../../../../../H-x86_64-mingw32/nios2-elf/lib\libsmallc.a(lib_a-exit.o)
                                        0x1d6 (size before relaxing)
 .debug_str     0x0000000000001835       0x41 c:/intelfpga/18.1/nios2eds/bin/gnu/h-x86_64-mingw32/bin/../lib/gcc/nios2-elf/5.3.0/../../../../../H-x86_64-mingw32/nios2-elf/lib\libsmallc.a(lib_a-memcmp.o)
                                        0x1c5 (size before relaxing)
 .debug_str     0x0000000000001876       0x43 c:/intelfpga/18.1/nios2eds/bin/gnu/h-x86_64-mingw32/bin/../lib/gcc/nios2-elf/5.3.0/../../../../../H-x86_64-mingw32/nios2-elf/lib\libsmallc.a(lib_a-__atexit.o)
                                        0x4e5 (size before relaxing)
 .debug_str     0x00000000000018b9       0x62 c:/intelfpga/18.1/nios2eds/bin/gnu/h-x86_64-mingw32/bin/../lib/gcc/nios2-elf/5.3.0/../../../../../H-x86_64-mingw32/nios2-elf/lib\libsmallc.a(lib_a-__call_atexit.o)
                                        0x4d1 (size before relaxing)
 .debug_str     0x000000000000191b       0x2a ../binary_leds_bsp/\libhal_bsp.a(alt_exit.o)
                                        0x143 (size before relaxing)

.debug_loc      0x0000000000000000      0x65f
 *(.debug_loc)
 .debug_loc     0x0000000000000000       0x97 c:/intelfpga/18.1/nios2eds/bin/gnu/h-x86_64-mingw32/bin/../lib/gcc/nios2-elf/5.3.0/../../../../../H-x86_64-mingw32/nios2-elf/lib\libsmallc.a(lib_a-puts.o)
 .debug_loc     0x0000000000000097       0x1e c:/intelfpga/18.1/nios2eds/bin/gnu/h-x86_64-mingw32/bin/../lib/gcc/nios2-elf/5.3.0/../../../../../H-x86_64-mingw32/nios2-elf/lib\libsmallc.a(lib_a-strlen.o)
 .debug_loc     0x00000000000000b5      0x110 c:/intelfpga/18.1/nios2eds/bin/gnu/h-x86_64-mingw32/bin/../lib/gcc/nios2-elf/5.3.0/../../../../../H-x86_64-mingw32/nios2-elf/lib\libsmallc.a(lib_a-fvwrite_small_dev.o)
 .debug_loc     0x00000000000001c5       0xa5 c:/intelfpga/18.1/nios2eds/bin/gnu/h-x86_64-mingw32/bin/../lib/gcc/nios2-elf/5.3.0/../../../../../H-x86_64-mingw32/nios2-elf/lib\libsmallc.a(lib_a-writer.o)
 .debug_loc     0x000000000000026a       0x2c c:/intelfpga/18.1/nios2eds/bin/gnu/h-x86_64-mingw32/bin/../lib/gcc/nios2-elf/5.3.0/../../../../../H-x86_64-mingw32/nios2-elf/lib\libsmallc.a(lib_a-atexit.o)
 .debug_loc     0x0000000000000296       0x1e c:/intelfpga/18.1/nios2eds/bin/gnu/h-x86_64-mingw32/bin/../lib/gcc/nios2-elf/5.3.0/../../../../../H-x86_64-mingw32/nios2-elf/lib\libsmallc.a(lib_a-exit.o)
 .debug_loc     0x00000000000002b4       0x94 c:/intelfpga/18.1/nios2eds/bin/gnu/h-x86_64-mingw32/bin/../lib/gcc/nios2-elf/5.3.0/../../../../../H-x86_64-mingw32/nios2-elf/lib\libsmallc.a(lib_a-memcmp.o)
 .debug_loc     0x0000000000000348      0x1c0 c:/intelfpga/18.1/nios2eds/bin/gnu/h-x86_64-mingw32/bin/../lib/gcc/nios2-elf/5.3.0/../../../../../H-x86_64-mingw32/nios2-elf/lib\libsmallc.a(lib_a-__atexit.o)
 .debug_loc     0x0000000000000508      0x157 c:/intelfpga/18.1/nios2eds/bin/gnu/h-x86_64-mingw32/bin/../lib/gcc/nios2-elf/5.3.0/../../../../../H-x86_64-mingw32/nios2-elf/lib\libsmallc.a(lib_a-__call_atexit.o)

.debug_macinfo
 *(.debug_macinfo)

.debug_weaknames
 *(.debug_weaknames)

.debug_funcnames
 *(.debug_funcnames)

.debug_typenames
 *(.debug_typenames)

.debug_varnames
 *(.debug_varnames)

.debug_alt_sim_info
                0x0000000000000000       0x30
 *(.debug_alt_sim_info)
 .debug_alt_sim_info
                0x0000000000000000       0x30 ../binary_leds_bsp//obj/HAL/src/crt0.o
                0x000000000000d000                __alt_data_end = 0xd000
                0x000000000000d000                PROVIDE (__alt_stack_pointer, __alt_data_end)
                [!provide]                        PROVIDE (__alt_stack_limit, __alt_stack_base)
                [!provide]                        PROVIDE (__alt_heap_start, end)
                [!provide]                        PROVIDE (__alt_heap_limit, 0xd000)
OUTPUT(binary_leds.elf elf32-littlenios2)

.debug_ranges   0x0000000000000000      0x180
 .debug_ranges  0x0000000000000000       0x20 ../binary_leds_bsp//obj/HAL/src/crt0.o
 .debug_ranges  0x0000000000000020       0x18 c:/intelfpga/18.1/nios2eds/bin/gnu/h-x86_64-mingw32/bin/../lib/gcc/nios2-elf/5.3.0/../../../../../H-x86_64-mingw32/nios2-elf/lib\libsmallc.a(lib_a-puts.o)
 .debug_ranges  0x0000000000000038       0x10 c:/intelfpga/18.1/nios2eds/bin/gnu/h-x86_64-mingw32/bin/../lib/gcc/nios2-elf/5.3.0/../../../../../H-x86_64-mingw32/nios2-elf/lib\libsmallc.a(lib_a-strlen.o)
 .debug_ranges  0x0000000000000048       0x28 c:/intelfpga/18.1/nios2eds/bin/gnu/h-x86_64-mingw32/bin/../lib/gcc/nios2-elf/5.3.0/../../../../../H-x86_64-mingw32/nios2-elf/lib\libsmallc.a(lib_a-fvwrite_small_dev.o)
 .debug_ranges  0x0000000000000070       0x10 c:/intelfpga/18.1/nios2eds/bin/gnu/h-x86_64-mingw32/bin/../lib/gcc/nios2-elf/5.3.0/../../../../../H-x86_64-mingw32/nios2-elf/lib\libsmallc.a(lib_a-writer.o)
 .debug_ranges  0x0000000000000080       0x18 ../binary_leds_bsp/\libhal_bsp.a(altera_avalon_jtag_uart_read.o)
 .debug_ranges  0x0000000000000098       0x28 ../binary_leds_bsp/\libhal_bsp.a(alt_irq_entry.o)
 .debug_ranges  0x00000000000000c0       0x10 ../binary_leds_bsp/\libhal_bsp.a(alt_irq_handler.o)
 .debug_ranges  0x00000000000000d0       0x30 ../binary_leds_bsp/\libhal_bsp.a(alt_exception_entry.o)
 .debug_ranges  0x0000000000000100       0x18 ../binary_leds_bsp/\libhal_bsp.a(alt_instruction_exception_entry.o)
 .debug_ranges  0x0000000000000118       0x10 c:/intelfpga/18.1/nios2eds/bin/gnu/h-x86_64-mingw32/bin/../lib/gcc/nios2-elf/5.3.0/../../../../../H-x86_64-mingw32/nios2-elf/lib\libsmallc.a(lib_a-atexit.o)
 .debug_ranges  0x0000000000000128       0x10 c:/intelfpga/18.1/nios2eds/bin/gnu/h-x86_64-mingw32/bin/../lib/gcc/nios2-elf/5.3.0/../../../../../H-x86_64-mingw32/nios2-elf/lib\libsmallc.a(lib_a-exit.o)
 .debug_ranges  0x0000000000000138       0x10 c:/intelfpga/18.1/nios2eds/bin/gnu/h-x86_64-mingw32/bin/../lib/gcc/nios2-elf/5.3.0/../../../../../H-x86_64-mingw32/nios2-elf/lib\libsmallc.a(lib_a-memcmp.o)
 .debug_ranges  0x0000000000000148       0x10 c:/intelfpga/18.1/nios2eds/bin/gnu/h-x86_64-mingw32/bin/../lib/gcc/nios2-elf/5.3.0/../../../../../H-x86_64-mingw32/nios2-elf/lib\libsmallc.a(lib_a-__atexit.o)
 .debug_ranges  0x0000000000000158       0x28 c:/intelfpga/18.1/nios2eds/bin/gnu/h-x86_64-mingw32/bin/../lib/gcc/nios2-elf/5.3.0/../../../../../H-x86_64-mingw32/nios2-elf/lib\libsmallc.a(lib_a-__call_atexit.o)
